Archive member included to satisfy reference by file (symbol)

c:/program files/stm32cubeide_1.9.0/stm32cubeide/plugins/com.st.stm32cube.ide.mcu.externaltools.gnu-tools-for-stm32.10.3-2021.10.win32_1.0.0.202111181127/tools/bin/../lib/gcc/arm-none-eabi/10.3.1/../../../../arm-none-eabi/lib/thumb/v7e-m+fp/hard\libc_nano.a(lib_a-errno.o)
                              ./Core/Src/syscalls.o (__errno)
c:/program files/stm32cubeide_1.9.0/stm32cubeide/plugins/com.st.stm32cube.ide.mcu.externaltools.gnu-tools-for-stm32.10.3-2021.10.win32_1.0.0.202111181127/tools/bin/../lib/gcc/arm-none-eabi/10.3.1/../../../../arm-none-eabi/lib/thumb/v7e-m+fp/hard\libc_nano.a(lib_a-exit.o)
                              c:/program files/stm32cubeide_1.9.0/stm32cubeide/plugins/com.st.stm32cube.ide.mcu.externaltools.gnu-tools-for-stm32.10.3-2021.10.win32_1.0.0.202111181127/tools/bin/../lib/gcc/arm-none-eabi/10.3.1/../../../../arm-none-eabi/lib/thumb/v7e-m+fp/hard/crt0.o (exit)
c:/program files/stm32cubeide_1.9.0/stm32cubeide/plugins/com.st.stm32cube.ide.mcu.externaltools.gnu-tools-for-stm32.10.3-2021.10.win32_1.0.0.202111181127/tools/bin/../lib/gcc/arm-none-eabi/10.3.1/../../../../arm-none-eabi/lib/thumb/v7e-m+fp/hard\libc_nano.a(lib_a-impure.o)
                              c:/program files/stm32cubeide_1.9.0/stm32cubeide/plugins/com.st.stm32cube.ide.mcu.externaltools.gnu-tools-for-stm32.10.3-2021.10.win32_1.0.0.202111181127/tools/bin/../lib/gcc/arm-none-eabi/10.3.1/../../../../arm-none-eabi/lib/thumb/v7e-m+fp/hard\libc_nano.a(lib_a-exit.o) (_global_impure_ptr)
c:/program files/stm32cubeide_1.9.0/stm32cubeide/plugins/com.st.stm32cube.ide.mcu.externaltools.gnu-tools-for-stm32.10.3-2021.10.win32_1.0.0.202111181127/tools/bin/../lib/gcc/arm-none-eabi/10.3.1/../../../../arm-none-eabi/lib/thumb/v7e-m+fp/hard\libc_nano.a(lib_a-init.o)
                              c:/program files/stm32cubeide_1.9.0/stm32cubeide/plugins/com.st.stm32cube.ide.mcu.externaltools.gnu-tools-for-stm32.10.3-2021.10.win32_1.0.0.202111181127/tools/bin/../lib/gcc/arm-none-eabi/10.3.1/../../../../arm-none-eabi/lib/thumb/v7e-m+fp/hard/crt0.o (__libc_init_array)
c:/program files/stm32cubeide_1.9.0/stm32cubeide/plugins/com.st.stm32cube.ide.mcu.externaltools.gnu-tools-for-stm32.10.3-2021.10.win32_1.0.0.202111181127/tools/bin/../lib/gcc/arm-none-eabi/10.3.1/../../../../arm-none-eabi/lib/thumb/v7e-m+fp/hard\libc_nano.a(lib_a-memset.o)
                              c:/program files/stm32cubeide_1.9.0/stm32cubeide/plugins/com.st.stm32cube.ide.mcu.externaltools.gnu-tools-for-stm32.10.3-2021.10.win32_1.0.0.202111181127/tools/bin/../lib/gcc/arm-none-eabi/10.3.1/../../../../arm-none-eabi/lib/thumb/v7e-m+fp/hard/crt0.o (memset)
c:/program files/stm32cubeide_1.9.0/stm32cubeide/plugins/com.st.stm32cube.ide.mcu.externaltools.gnu-tools-for-stm32.10.3-2021.10.win32_1.0.0.202111181127/tools/bin/../lib/gcc/arm-none-eabi/10.3.1/thumb/v7e-m+fp/hard\libgcc.a(_arm_muldf3.o)
                              ./Core/Src/Def_Control.o (__aeabi_dmul)
c:/program files/stm32cubeide_1.9.0/stm32cubeide/plugins/com.st.stm32cube.ide.mcu.externaltools.gnu-tools-for-stm32.10.3-2021.10.win32_1.0.0.202111181127/tools/bin/../lib/gcc/arm-none-eabi/10.3.1/thumb/v7e-m+fp/hard\libgcc.a(_arm_addsubdf3.o)
                              ./Core/Src/Def_Control.o (__aeabi_f2d)
c:/program files/stm32cubeide_1.9.0/stm32cubeide/plugins/com.st.stm32cube.ide.mcu.externaltools.gnu-tools-for-stm32.10.3-2021.10.win32_1.0.0.202111181127/tools/bin/../lib/gcc/arm-none-eabi/10.3.1/thumb/v7e-m+fp/hard\libgcc.a(_arm_truncdfsf2.o)
                              ./Core/Src/Def_Control.o (__aeabi_d2f)
c:/program files/stm32cubeide_1.9.0/stm32cubeide/plugins/com.st.stm32cube.ide.mcu.externaltools.gnu-tools-for-stm32.10.3-2021.10.win32_1.0.0.202111181127/tools/bin/../lib/gcc/arm-none-eabi/10.3.1/thumb/v7e-m+fp/hard\libgcc.a(_aeabi_uldivmod.o)
                              ./Drivers/STM32F4xx_HAL_Driver/Src/stm32f4xx_hal_rcc.o (__aeabi_uldivmod)
c:/program files/stm32cubeide_1.9.0/stm32cubeide/plugins/com.st.stm32cube.ide.mcu.externaltools.gnu-tools-for-stm32.10.3-2021.10.win32_1.0.0.202111181127/tools/bin/../lib/gcc/arm-none-eabi/10.3.1/thumb/v7e-m+fp/hard\libgcc.a(_udivmoddi4.o)
                              c:/program files/stm32cubeide_1.9.0/stm32cubeide/plugins/com.st.stm32cube.ide.mcu.externaltools.gnu-tools-for-stm32.10.3-2021.10.win32_1.0.0.202111181127/tools/bin/../lib/gcc/arm-none-eabi/10.3.1/thumb/v7e-m+fp/hard\libgcc.a(_aeabi_uldivmod.o) (__udivmoddi4)
c:/program files/stm32cubeide_1.9.0/stm32cubeide/plugins/com.st.stm32cube.ide.mcu.externaltools.gnu-tools-for-stm32.10.3-2021.10.win32_1.0.0.202111181127/tools/bin/../lib/gcc/arm-none-eabi/10.3.1/thumb/v7e-m+fp/hard\libgcc.a(_dvmd_tls.o)
[...]
Memory Configuration

Name             Origin             Length             Attributes
CCMRAM           0x0000000010000000 0x0000000000010000 xrw
RAM              0x0000000020000000 0x0000000000020000 xrw
FLASH            0x0000000008000000 0x0000000000100000 xr
*default*        0x0000000000000000 0xffffffffffffffff

Linker script and memory map

LOAD c:/program files/stm32cubeide_1.9.0/stm32cubeide/plugins/com.st.stm32cube.ide.mcu.externaltools.gnu-tools-for-stm32.10.3-2021.10.win32_1.0.0.202111181127/tools/bin/../lib/gcc/arm-none-eabi/10.3.1/thumb/v7e-m+fp/hard/crti.o
LOAD c:/program files/stm32cubeide_1.9.0/stm32cubeide/plugins/com.st.stm32cube.ide.mcu.externaltools.gnu-tools-for-stm32.10.3-2021.10.win32_1.0.0.202111181127/tools/bin/../lib/gcc/arm-none-eabi/10.3.1/thumb/v7e-m+fp/hard/crtbegin.o
LOAD c:/program files/stm32cubeide_1.9.0/stm32cubeide/plugins/com.st.stm32cube.ide.mcu.externaltools.gnu-tools-for-stm32.10.3-2021.10.win32_1.0.0.202111181127/tools/bin/../lib/gcc/arm-none-eabi/10.3.1/../../../../arm-none-eabi/lib/thumb/v7e-m+fp/hard/crt0.o
LOAD ./Core/Src/AD5676.o
LOAD ./Core/Src/Def_Control.o
LOAD ./Core/Src/Def_ProtocolSlave.o
LOAD ./Core/Src/Def_RS485.o
LOAD ./Core/Src/Def_Standby.o
LOAD ./Core/Src/Def_System.o
LOAD ./Core/Src/Delays.o
LOAD ./Core/Src/LED.o
LOAD ./Core/Src/Ticks.o
LOAD ./Core/Src/UART.o
LOAD ./Core/Src/main.o
LOAD ./Core/Src/stm32f4xx_hal_msp.o
LOAD ./Core/Src/stm32f4xx_it.o
LOAD ./Core/Src/syscalls.o
LOAD ./Core/Src/sysmem.o
LOAD ./Core/Src/system_stm32f4xx.o
LOAD ./Core/Startup/startup_stm32f407vgtx.o
LOAD ./Drivers/STM32F4xx_HAL_Driver/Src/stm32f4xx_hal.o
LOAD ./Drivers/STM32F4xx_HAL_Driver/Src/stm32f4xx_hal_cortex.o
LOAD ./Drivers/STM32F4xx_HAL_Driver/Src/stm32f4xx_hal_dma.o
LOAD ./Drivers/STM32F4xx_HAL_Driver/Src/stm32f4xx_hal_dma_ex.o
LOAD ./Drivers/STM32F4xx_HAL_Driver/Src/stm32f4xx_hal_exti.o
LOAD ./Drivers/STM32F4xx_HAL_Driver/Src/stm32f4xx_hal_flash.o
LOAD ./Drivers/STM32F4xx_HAL_Driver/Src/stm32f4xx_hal_flash_ex.o
LOAD ./Drivers/STM32F4xx_HAL_Driver/Src/stm32f4xx_hal_flash_ramfunc.o
LOAD ./Drivers/STM32F4xx_HAL_Driver/Src/stm32f4xx_hal_gpio.o
LOAD ./Drivers/STM32F4xx_HAL_Driver/Src/stm32f4xx_hal_pcd.o
LOAD ./Drivers/STM32F4xx_HAL_Driver/Src/stm32f4xx_hal_pcd_ex.o
LOAD ./Drivers/STM32F4xx_HAL_Driver/Src/stm32f4xx_hal_pwr.o
LOAD ./Drivers/STM32F4xx_HAL_Driver/Src/stm32f4xx_hal_pwr_ex.o
LOAD ./Drivers/STM32F4xx_HAL_Driver/Src/stm32f4xx_hal_rcc.o
LOAD ./Drivers/STM32F4xx_HAL_Driver/Src/stm32f4xx_hal_rcc_ex.o
LOAD ./Drivers/STM32F4xx_HAL_Driver/Src/stm32f4xx_hal_spi.o
LOAD ./Drivers/STM32F4xx_HAL_Driver/Src/stm32f4xx_hal_tim.o
LOAD ./Drivers/STM32F4xx_HAL_Driver/Src/stm32f4xx_hal_tim_ex.o
LOAD ./Drivers/STM32F4xx_HAL_Driver/Src/stm32f4xx_hal_uart.o
LOAD ./Drivers/STM32F4xx_HAL_Driver/Src/stm32f4xx_ll_usb.o
START GROUP
LOAD c:/program files/stm32cubeide_1.9.0/stm32cubeide/plugins/com.st.stm32cube.ide.mcu.externaltools.gnu-tools-for-stm32.10.3-2021.10.win32_1.0.0.202111181127/tools/bin/../lib/gcc/arm-none-eabi/10.3.1/../../../../arm-none-eabi/lib/thumb/v7e-m+fp/hard\libc_nano.a
LOAD c:/program files/stm32cubeide_1.9.0/stm32cubeide/plugins/com.st.stm32cube.ide.mcu.externaltools.gnu-tools-for-stm32.10.3-2021.10.win32_1.0.0.202111181127/tools/bin/../lib/gcc/arm-none-eabi/10.3.1/../../../../arm-none-eabi/lib/thumb/v7e-m+fp/hard\libm.a
END GROUP
START GROUP
LOAD c:/program files/stm32cubeide_1.9.0/stm32cubeide/plugins/com.st.stm32cube.ide.mcu.externaltools.gnu-tools-for-stm32.10.3-2021.10.win32_1.0.0.202111181127/tools/bin/../lib/gcc/arm-none-eabi/10.3.1/thumb/v7e-m+fp/hard\libgcc.a
LOAD c:/program files/stm32cubeide_1.9.0/stm32cubeide/plugins/com.st.stm32cube.ide.mcu.externaltools.gnu-tools-for-stm32.10.3-2021.10.win32_1.0.0.202111181127/tools/bin/../lib/gcc/arm-none-eabi/10.3.1/../../../../arm-none-eabi/lib/thumb/v7e-m+fp/hard\libc_nano.a
END GROUP
START GROUP
LOAD c:/program files/stm32cubeide_1.9.0/stm32cubeide/plugins/com.st.stm32cube.ide.mcu.externaltools.gnu-tools-for-stm32.10.3-2021.10.win32_1.0.0.202111181127/tools/bin/../lib/gcc/arm-none-eabi/10.3.1/thumb/v7e-m+fp/hard\libgcc.a
LOAD c:/program files/stm32cubeide_1.9.0/stm32cubeide/plugins/com.st.stm32cube.ide.mcu.externaltools.gnu-tools-for-stm32.10.3-2021.10.win32_1.0.0.202111181127/tools/bin/../lib/gcc/arm-none-eabi/10.3.1/../../../../arm-none-eabi/lib/thumb/v7e-m+fp/hard\libc_nano.a
LOAD c:/program files/stm32cubeide_1.9.0/stm32cubeide/plugins/com.st.stm32cube.ide.mcu.externaltools.gnu-tools-for-stm32.10.3-2021.10.win32_1.0.0.202111181127/tools/bin/../lib/gcc/arm-none-eabi/10.3.1/../../../../arm-none-eabi/lib/thumb/v7e-m+fp/hard\libnosys.a
END GROUP
START GROUP
LOAD c:/program files/stm32cubeide_1.9.0/stm32cubeide/plugins/com.st.stm32cube.ide.mcu.externaltools.gnu-tools-for-stm32.10.3-2021.10.win32_1.0.0.202111181127/tools/bin/../lib/gcc/arm-none-eabi/10.3.1/thumb/v7e-m+fp/hard\libgcc.a
LOAD c:/program files/stm32cubeide_1.9.0/stm32cubeide/plugins/com.st.stm32cube.ide.mcu.externaltools.gnu-tools-for-stm32.10.3-2021.10.win32_1.0.0.202111181127/tools/bin/../lib/gcc/arm-none-eabi/10.3.1/../../../../arm-none-eabi/lib/thumb/v7e-m+fp/hard\libc_nano.a
LOAD c:/program files/stm32cubeide_1.9.0/stm32cubeide/plugins/com.st.stm32cube.ide.mcu.externaltools.gnu-tools-for-stm32.10.3-2021.10.win32_1.0.0.202111181127/tools/bin/../lib/gcc/arm-none-eabi/10.3.1/../../../../arm-none-eabi/lib/thumb/v7e-m+fp/hard\libnosys.a
END GROUP
LOAD c:/program files/stm32cubeide_1.9.0/stm32cubeide/plugins/com.st.stm32cube.ide.mcu.externaltools.gnu-tools-for-stm32.10.3-2021.10.win32_1.0.0.202111181127/tools/bin/../lib/gcc/arm-none-eabi/10.3.1/thumb/v7e-m+fp/hard/crtend.o
LOAD c:/program files/stm32cubeide_1.9.0/stm32cubeide/plugins/com.st.stm32cube.ide.mcu.externaltools.gnu-tools-for-stm32.10.3-2021.10.win32_1.0.0.202111181127/tools/bin/../lib/gcc/arm-none-eabi/10.3.1/thumb/v7e-m+fp/hard/crtn.o
                0x0000000020020000                _estack = (ORIGIN (RAM) + LENGTH (RAM))
                0x0000000000000200                _Min_Heap_Size = 0x200
                0x0000000000000400                _Min_Stack_Size = 0x400

.isr_vector     0x0000000008000000      0x188
                0x0000000008000000                . = ALIGN (0x4)
 *(.isr_vector)
 .isr_vector    0x0000000008000000      0x188 ./Core/Startup/startup_stm32f407vgtx.o
                0x0000000008000000                g_pfnVectors
                0x0000000008000188                . = ALIGN (0x4)

.text           0x0000000008000188     0x7bc4
                0x0000000008000188                . = ALIGN (0x4)
 *(.text)
 .text          0x0000000008000188       0x40 c:/program files/stm32cubeide_1.9.0/stm32cubeide/plugins/com.st.stm32cube.ide.mcu.externaltools.gnu-tools-for-stm32.10.3-2021.10.win32_1.0.0.202111181127/tools/bin/../lib/gcc/arm-none-eabi/10.3.1/thumb/v7e-m+fp/hard/crtbegin.o
 .text          0x00000000080001c8      0x254 c:/program files/stm32cubeide_1.9.0/stm32cubeide/plugins/com.st.stm32cube.ide.mcu.externaltools.gnu-tools-for-stm32.10.3-2021.10.win32_1.0.0.202111181127/tools/bin/../lib/gcc/arm-none-eabi/10.3.1/thumb/v7e-m+fp/hard\libgcc.a(_arm_muldf3.o)
                0x00000000080001c8                __muldf3
                0x00000000080001c8                __aeabi_dmul
 .text          0x000000000800041c      0x378 c:/program files/stm32cubeide_1.9.0/stm32cubeide/plugins/com.st.stm32cube.ide.mcu.externaltools.gnu-tools-for-stm32.10.3-2021.10.win32_1.0.0.202111181127/tools/bin/../lib/gcc/arm-none-eabi/10.3.1/thumb/v7e-m+fp/hard\libgcc.a(_arm_addsubdf3.o)
                0x000000000800041c                __aeabi_drsub
                0x0000000008000424                __aeabi_dsub
                0x0000000008000424                __subdf3
                0x0000000008000428                __aeabi_dadd
                0x0000000008000428                __adddf3
                0x00000000080006a0                __floatunsidf
                0x00000000080006a0                __aeabi_ui2d
                0x00000000080006c0                __floatsidf
                0x00000000080006c0                __aeabi_i2d
                0x00000000080006e4                __aeabi_f2d
                0x00000000080006e4                __extendsfdf2
                0x0000000008000728                __floatundidf
                0x0000000008000728                __aeabi_ul2d
                0x0000000008000738                __floatdidf
                0x0000000008000738                __aeabi_l2d
 .text          0x0000000008000794       0xa0 c:/program files/stm32cubeide_1.9.0/stm32cubeide/plugins/com.st.stm32cube.ide.mcu.externaltools.gnu-tools-for-stm32.10.3-2021.10.win32_1.0.0.202111181127/tools/bin/../lib/gcc/arm-none-eabi/10.3.1/thumb/v7e-m+fp/hard\libgcc.a(_arm_truncdfsf2.o)
                0x0000000008000794                __truncdfsf2
                0x0000000008000794                __aeabi_d2f
 .text          0x0000000008000834       0x30 c:/program files/stm32cubeide_1.9.0/stm32cubeide/plugins/com.st.stm32cube.ide.mcu.externaltools.gnu-tools-for-stm32.10.3-2021.10.win32_1.0.0.202111181127/tools/bin/../lib/gcc/arm-none-eabi/10.3.1/thumb/v7e-m+fp/hard\libgcc.a(_aeabi_uldivmod.o)
                0x0000000008000834                __aeabi_uldivmod
 .text          0x0000000008000864      0x2d0 c:/program files/stm32cubeide_1.9.0/stm32cubeide/plugins/com.st.stm32cube.ide.mcu.externaltools.gnu-tools-for-stm32.10.3-2021.10.win32_1.0.0.202111181127/tools/bin/../lib/gcc/arm-none-eabi/10.3.1/thumb/v7e-m+fp/hard\libgcc.a(_udivmoddi4.o)
                0x0000000008000864                __udivmoddi4
 .text          0x0000000008000b34        0x4 c:/program files/stm32cubeide_1.9.0/stm32cubeide/plugins/com.st.stm32cube.ide.mcu.externaltools.gnu-tools-for-stm32.10.3-2021.10.win32_1.0.0.202111181127/tools/bin/../lib/gcc/arm-none-eabi/10.3.1/thumb/v7e-m+fp/hard\libgcc.a(_dvmd_tls.o)
                0x0000000008000b34                __aeabi_idiv0
                0x0000000008000b34                __aeabi_ldiv0
 *(.text*)
 .text.AD5676R_init
                0x0000000008000b38       0x38 ./Core/Src/AD5676.o
                0x0000000008000b38                AD5676R_init
 .text.AD5676R_write
                0x0000000008000b70       0xec ./Core/Src/AD5676.o
                0x0000000008000b70                AD5676R_write
 .text.AD5676_Update_DAC_Channel_N
                0x0000000008000c5c       0x2e ./Core/Src/AD5676.o
                0x0000000008000c5c                AD5676_Update_DAC_Channel_N
 *fill*         0x0000000008000c8a        0x2 
 .text.CTR_identif
                0x0000000008000c8c       0x4c ./Core/Src/Def_Control.o
                0x0000000008000c8c                CTR_identif
 .text.alarmsControl_init
                0x0000000008000cd8       0x70 ./Core/Src/Def_Control.o
                0x0000000008000cd8                alarmsControl_init
 .text.alarmsControl_motor
                0x0000000008000d48      0x254 ./Core/Src/Def_Control.o
                0x0000000008000d48                alarmsControl_motor
 .text.CTR_fuentes_ON_OFF_init
                0x0000000008000f9c       0x18 ./Core/Src/Def_Control.o
                0x0000000008000f9c                CTR_fuentes_ON_OFF_init
 .text.CTR_fuentes_ON_OFF_motor
                0x0000000008000fb4      0x3a0 ./Core/Src/Def_Control.o
                0x0000000008000fb4                CTR_fuentes_ON_OFF_motor
 .text.appSPI_init
                0x0000000008001354       0x7c ./Core/Src/Def_Control.o
                0x0000000008001354                appSPI_init
 .text.appSPI_motor
                0x00000000080013d0      0x418 ./Core/Src/Def_Control.o
                0x00000000080013d0                appSPI_motor
 .text.PROTSLV_Init
                0x00000000080017e8       0xb4 ./Core/Src/Def_ProtocolSlave.o
                0x00000000080017e8                PROTSLV_Init
 .text.PROTSLV_Motor
                0x000000000800189c      0x900 ./Core/Src/Def_ProtocolSlave.o
                0x000000000800189c                PROTSLV_Motor
 .text.ActionNULL
                0x000000000800219c       0x22 ./Core/Src/Def_ProtocolSlave.o
                0x000000000800219c                ActionNULL
 .text.CheckHeader
                0x00000000080021be       0xaa ./Core/Src/Def_ProtocolSlave.o
                0x00000000080021be                CheckHeader
 .text.RS485_Init
                0x0000000008002268       0x40 ./Core/Src/Def_RS485.o
                0x0000000008002268                RS485_Init
 .text.RS485_Transmit
                0x00000000080022a8      0x134 ./Core/Src/Def_RS485.o
                0x00000000080022a8                RS485_Transmit
 .text.RS485_Receive
                0x00000000080023dc       0x30 ./Core/Src/Def_RS485.o
                0x00000000080023dc                RS485_Receive
 .text.RS485_QuantsBytesBufferRX
                0x000000000800240c       0x24 ./Core/Src/Def_RS485.o
                0x000000000800240c                RS485_QuantsBytesBufferRX
 .text.RS485_ResetBuffers
                0x0000000008002430       0x30 ./Core/Src/Def_RS485.o
                0x0000000008002430                RS485_ResetBuffers
 .text.standbyInit
                0x0000000008002460       0x58 ./Core/Src/Def_Standby.o
                0x0000000008002460                standbyInit
 .text.standbyMotor
                0x00000000080024b8      0x864 ./Core/Src/Def_Standby.o
                0x00000000080024b8                standbyMotor
 .text.LED_Standby_Init
                0x0000000008002d1c       0x8c ./Core/Src/Def_Standby.o
                0x0000000008002d1c                LED_Standby_Init
 .text.LED_Standby_Motor
                0x0000000008002da8      0x200 ./Core/Src/Def_Standby.o
                0x0000000008002da8                LED_Standby_Motor
 .text.LED_Standby_Configure
                0x0000000008002fa8       0x80 ./Core/Src/Def_Standby.o
                0x0000000008002fa8                LED_Standby_Configure
 .text.LED_Standby_CanviLED
                0x0000000008003028       0x26 ./Core/Src/Def_Standby.o
                0x0000000008003028                LED_Standby_CanviLED
 *fill*         0x000000000800304e        0x2 
 .text.ledStandByColor
                0x0000000008003050       0x64 ./Core/Src/Def_Standby.o
                0x0000000008003050                ledStandByColor
 .text.SWITCH_Detect
                0x00000000080030b4       0x78 ./Core/Src/Def_Standby.o
                0x00000000080030b4                SWITCH_Detect
 .text.SYS_Init
                0x000000000800312c       0xbc ./Core/Src/Def_System.o
                0x000000000800312c                SYS_Init
 .text.SYS_GetParam_Char
                0x00000000080031e8       0x68 ./Core/Src/Def_System.o
                0x00000000080031e8                SYS_GetParam_Char
 .text.SYS_SetParam_Char
                0x0000000008003250       0x60 ./Core/Src/Def_System.o
                0x0000000008003250                SYS_SetParam_Char
 .text.SYS_Action
                0x00000000080032b0      0x108 ./Core/Src/Def_System.o
                0x00000000080032b0                SYS_Action
 .text.esLecturaDestructiva
                0x00000000080033b8       0x18 ./Core/Src/Def_System.o
                0x00000000080033b8                esLecturaDestructiva
 .text.isReadOnlyRegister
                0x00000000080033d0       0x18 ./Core/Src/Def_System.o
                0x00000000080033d0                isReadOnlyRegister
 .text.Delay_us
                0x00000000080033e8       0x3c ./Core/Src/Delays.o
                0x00000000080033e8                Delay_us
 .text.LED_Init
                0x0000000008003424       0xb8 ./Core/Src/LED.o
                0x0000000008003424                LED_Init
 .text.LED_Motor
                0x00000000080034dc      0x280 ./Core/Src/LED.o
                0x00000000080034dc                LED_Motor
 .text.LED_Configure
                0x000000000800375c       0x90 ./Core/Src/LED.o
                0x000000000800375c                LED_Configure
 .text.LED_CanviLED
                0x00000000080037ec       0x44 ./Core/Src/LED.o
                0x00000000080037ec                LED_CanviLED
 .text.TICKS_GetTicks
                0x0000000008003830       0x16 ./Core/Src/Ticks.o
                0x0000000008003830                TICKS_GetTicks
 .text.TICKS_DiffTicks
                0x0000000008003846       0x26 ./Core/Src/Ticks.o
                0x0000000008003846                TICKS_DiffTicks
 .text.UART_Init
                0x000000000800386c      0x168 ./Core/Src/UART.o
                0x000000000800386c                UART_Init
 .text.UART_QuantsBytesBufferRX
                0x00000000080039d4       0x88 ./Core/Src/UART.o
                0x00000000080039d4                UART_QuantsBytesBufferRX
 .text.UART_Transmit
                0x0000000008003a5c      0x104 ./Core/Src/UART.o
                0x0000000008003a5c                UART_Transmit
 .text.UART_Receive
                0x0000000008003b60      0x140 ./Core/Src/UART.o
                0x0000000008003b60                UART_Receive
 .text.UART_ResetTX
                0x0000000008003ca0       0x50 ./Core/Src/UART.o
                0x0000000008003ca0                UART_ResetTX
 .text.UART_ResetRX
                0x0000000008003cf0       0xd4 ./Core/Src/UART.o
                0x0000000008003cf0                UART_ResetRX
 .text.UART_TransmitNOTFinished
                0x0000000008003dc4       0x34 ./Core/Src/UART.o
                0x0000000008003dc4                UART_TransmitNOTFinished
 .text.HAL_UART_TxCpltCallback
                0x0000000008003df8       0x64 ./Core/Src/UART.o
                0x0000000008003df8                HAL_UART_TxCpltCallback
 .text.HAL_UART_RxCpltCallback
                0x0000000008003e5c      0x100 ./Core/Src/UART.o
                0x0000000008003e5c                HAL_UART_RxCpltCallback
 .text.main     0x0000000008003f5c      0x108 ./Core/Src/main.o
                0x0000000008003f5c                main
 .text.SystemClock_Config
                0x0000000008004064       0xd4 ./Core/Src/main.o
                0x0000000008004064                SystemClock_Config
 .text.MX_SPI1_Init
                0x0000000008004138       0x6c ./Core/Src/main.o
 .text.MX_SPI2_Init
                0x00000000080041a4       0x6c ./Core/Src/main.o
 .text.MX_UART4_Init
                0x0000000008004210       0x58 ./Core/Src/main.o
                0x0000000008004210                MX_UART4_Init
 .text.MX_USART1_UART_Init
                0x0000000008004268       0x54 ./Core/Src/main.o
                0x0000000008004268                MX_USART1_UART_Init
 .text.MX_USB_OTG_FS_PCD_Init
                0x00000000080042bc       0x5c ./Core/Src/main.o
 .text.MX_GPIO_Init
                0x0000000008004318      0x384 ./Core/Src/main.o
 .text.vars_Init
                0x000000000800469c       0xc4 ./Core/Src/main.o
                0x000000000800469c                vars_Init
 .text.appLED_Init
                0x0000000008004760       0x18 ./Core/Src/main.o
                0x0000000008004760                appLED_Init
 .text.appLED_Motor
                0x0000000008004778       0x90 ./Core/Src/main.o
                0x0000000008004778                appLED_Motor
 .text.APP_Accions
                0x0000000008004808       0x88 ./Core/Src/main.o
                0x0000000008004808                APP_Accions
 .text.Error_Handler
                0x0000000008004890        0xa ./Core/Src/main.o
                0x0000000008004890                Error_Handler
 *fill*         0x000000000800489a        0x2 
 .text.HAL_MspInit
                0x000000000800489c       0x50 ./Core/Src/stm32f4xx_hal_msp.o
                0x000000000800489c                HAL_MspInit
 .text.HAL_SPI_MspInit
                0x00000000080048ec       0xfc ./Core/Src/stm32f4xx_hal_msp.o
                0x00000000080048ec                HAL_SPI_MspInit
 .text.HAL_UART_MspInit
                0x00000000080049e8      0x11c ./Core/Src/stm32f4xx_hal_msp.o
                0x00000000080049e8                HAL_UART_MspInit
 .text.HAL_PCD_MspInit
                0x0000000008004b04       0xb4 ./Core/Src/stm32f4xx_hal_msp.o
                0x0000000008004b04                HAL_PCD_MspInit
 .text.NMI_Handler
                0x0000000008004bb8        0x6 ./Core/Src/stm32f4xx_it.o
                0x0000000008004bb8                NMI_Handler
 .text.HardFault_Handler
                0x0000000008004bbe        0x6 ./Core/Src/stm32f4xx_it.o
                0x0000000008004bbe                HardFault_Handler
 .text.MemManage_Handler
                0x0000000008004bc4        0x6 ./Core/Src/stm32f4xx_it.o
                0x0000000008004bc4                MemManage_Handler
 .text.BusFault_Handler
                0x0000000008004bca        0x6 ./Core/Src/stm32f4xx_it.o
                0x0000000008004bca                BusFault_Handler
 .text.UsageFault_Handler
                0x0000000008004bd0        0x6 ./Core/Src/stm32f4xx_it.o
                0x0000000008004bd0                UsageFault_Handler
 .text.SVC_Handler
                0x0000000008004bd6        0xe ./Core/Src/stm32f4xx_it.o
                0x0000000008004bd6                SVC_Handler
 .text.DebugMon_Handler
                0x0000000008004be4        0xe ./Core/Src/stm32f4xx_it.o
                0x0000000008004be4                DebugMon_Handler
 .text.PendSV_Handler
                0x0000000008004bf2        0xe ./Core/Src/stm32f4xx_it.o
                0x0000000008004bf2                PendSV_Handler
 .text.SysTick_Handler
                0x0000000008004c00        0xc ./Core/Src/stm32f4xx_it.o
                0x0000000008004c00                SysTick_Handler
 .text.USART1_IRQHandler
                0x0000000008004c0c       0x14 ./Core/Src/stm32f4xx_it.o
                0x0000000008004c0c                USART1_IRQHandler
 .text.UART4_IRQHandler
                0x0000000008004c20       0x14 ./Core/Src/stm32f4xx_it.o
                0x0000000008004c20                UART4_IRQHandler
 .text.SystemInit
                0x0000000008004c34       0x24 ./Core/Src/system_stm32f4xx.o
                0x0000000008004c34                SystemInit
 .text.Reset_Handler
                0x0000000008004c58       0x50 ./Core/Startup/startup_stm32f407vgtx.o
                0x0000000008004c58                Reset_Handler
 .text.Default_Handler
                0x0000000008004ca8        0x2 ./Core/Startup/startup_stm32f407vgtx.o
                0x0000000008004ca8                RTC_Alarm_IRQHandler
                0x0000000008004ca8                HASH_RNG_IRQHandler
                0x0000000008004ca8                EXTI2_IRQHandler
                0x0000000008004ca8                TIM8_CC_IRQHandler
                0x0000000008004ca8                TIM1_CC_IRQHandler
                0x0000000008004ca8                DMA2_Stream5_IRQHandler
                0x0000000008004ca8                DMA1_Stream5_IRQHandler
                0x0000000008004ca8                PVD_IRQHandler
                0x0000000008004ca8                SDIO_IRQHandler
                0x0000000008004ca8                TAMP_STAMP_IRQHandler
                0x0000000008004ca8                CAN2_RX1_IRQHandler
                0x0000000008004ca8                EXTI3_IRQHandler
                0x0000000008004ca8                TIM8_TRG_COM_TIM14_IRQHandler
                0x0000000008004ca8                TIM1_UP_TIM10_IRQHandler
                0x0000000008004ca8                TIM8_UP_TIM13_IRQHandler
                0x0000000008004ca8                I2C3_ER_IRQHandler
                0x0000000008004ca8                EXTI0_IRQHandler
                0x0000000008004ca8                I2C2_EV_IRQHandler
                0x0000000008004ca8                DMA1_Stream2_IRQHandler
                0x0000000008004ca8                CAN1_RX0_IRQHandler
                0x0000000008004ca8                FPU_IRQHandler
                0x0000000008004ca8                OTG_HS_WKUP_IRQHandler
                0x0000000008004ca8                CAN2_SCE_IRQHandler
                0x0000000008004ca8                DMA2_Stream2_IRQHandler
                0x0000000008004ca8                SPI1_IRQHandler
                0x0000000008004ca8                TIM6_DAC_IRQHandler
                0x0000000008004ca8                TIM1_BRK_TIM9_IRQHandler
                0x0000000008004ca8                DCMI_IRQHandler
                0x0000000008004ca8                CAN2_RX0_IRQHandler
                0x0000000008004ca8                DMA2_Stream3_IRQHandler
                0x0000000008004ca8                USART6_IRQHandler
                0x0000000008004ca8                USART3_IRQHandler
                0x0000000008004ca8                CAN1_RX1_IRQHandler
                0x0000000008004ca8                UART5_IRQHandler
                0x0000000008004ca8                DMA2_Stream0_IRQHandler
                0x0000000008004ca8                TIM4_IRQHandler
                0x0000000008004ca8                I2C1_EV_IRQHandler
                0x0000000008004ca8                DMA1_Stream6_IRQHandler
                0x0000000008004ca8                DMA1_Stream1_IRQHandler
                0x0000000008004ca8                TIM3_IRQHandler
                0x0000000008004ca8                RCC_IRQHandler
                0x0000000008004ca8                TIM8_BRK_TIM12_IRQHandler
                0x0000000008004ca8                Default_Handler
                0x0000000008004ca8                EXTI15_10_IRQHandler
                0x0000000008004ca8                ADC_IRQHandler
                0x0000000008004ca8                DMA1_Stream7_IRQHandler
                0x0000000008004ca8                TIM7_IRQHandler
                0x0000000008004ca8                CAN2_TX_IRQHandler
                0x0000000008004ca8                TIM5_IRQHandler
                0x0000000008004ca8                DMA2_Stream7_IRQHandler
                0x0000000008004ca8                I2C3_EV_IRQHandler
                0x0000000008004ca8                EXTI9_5_IRQHandler
                0x0000000008004ca8                RTC_WKUP_IRQHandler
                0x0000000008004ca8                ETH_WKUP_IRQHandler
                0x0000000008004ca8                SPI2_IRQHandler
                0x0000000008004ca8                OTG_HS_EP1_IN_IRQHandler
                0x0000000008004ca8                DMA1_Stream0_IRQHandler
                0x0000000008004ca8                CAN1_TX_IRQHandler
                0x0000000008004ca8                EXTI4_IRQHandler
                0x0000000008004ca8                FSMC_IRQHandler
                0x0000000008004ca8                ETH_IRQHandler
                0x0000000008004ca8                OTG_HS_EP1_OUT_IRQHandler
                0x0000000008004ca8                WWDG_IRQHandler
                0x0000000008004ca8                TIM2_IRQHandler
                0x0000000008004ca8                OTG_FS_WKUP_IRQHandler
                0x0000000008004ca8                TIM1_TRG_COM_TIM11_IRQHandler
                0x0000000008004ca8                OTG_HS_IRQHandler
                0x0000000008004ca8                EXTI1_IRQHandler
                0x0000000008004ca8                USART2_IRQHandler
                0x0000000008004ca8                I2C2_ER_IRQHandler
                0x0000000008004ca8                DMA2_Stream1_IRQHandler
                0x0000000008004ca8                CAN1_SCE_IRQHandler
                0x0000000008004ca8                FLASH_IRQHandler
                0x0000000008004ca8                DMA2_Stream4_IRQHandler
                0x0000000008004ca8                OTG_FS_IRQHandler
                0x0000000008004ca8                SPI3_IRQHandler
                0x0000000008004ca8                DMA1_Stream4_IRQHandler
                0x0000000008004ca8                I2C1_ER_IRQHandler
                0x0000000008004ca8                DMA2_Stream6_IRQHandler
                0x0000000008004ca8                DMA1_Stream3_IRQHandler
 *fill*         0x0000000008004caa        0x2 
 .text.HAL_Init
                0x0000000008004cac       0x44 ./Drivers/STM32F4xx_HAL_Driver/Src/stm32f4xx_hal.o
                0x0000000008004cac                HAL_Init
 .text.HAL_InitTick
                0x0000000008004cf0       0x60 ./Drivers/STM32F4xx_HAL_Driver/Src/stm32f4xx_hal.o
                0x0000000008004cf0                HAL_InitTick
 .text.HAL_IncTick
                0x0000000008004d50       0x28 ./Drivers/STM32F4xx_HAL_Driver/Src/stm32f4xx_hal.o
                0x0000000008004d50                HAL_IncTick
 .text.HAL_GetTick
                0x0000000008004d78       0x18 ./Drivers/STM32F4xx_HAL_Driver/Src/stm32f4xx_hal.o
                0x0000000008004d78                HAL_GetTick
 .text.HAL_Delay
                0x0000000008004d90       0x48 ./Drivers/STM32F4xx_HAL_Driver/Src/stm32f4xx_hal.o
                0x0000000008004d90                HAL_Delay
 .text.__NVIC_SetPriorityGrouping
                0x0000000008004dd8       0x48 ./Drivers/STM32F4xx_HAL_Driver/Src/stm32f4xx_hal_cortex.o
 .text.__NVIC_GetPriorityGrouping
                0x0000000008004e20       0x1c ./Drivers/STM32F4xx_HAL_Driver/Src/stm32f4xx_hal_cortex.o
 .text.__NVIC_EnableIRQ
                0x0000000008004e3c       0x3c ./Drivers/STM32F4xx_HAL_Driver/Src/stm32f4xx_hal_cortex.o
 .text.__NVIC_SetPriority
                0x0000000008004e78       0x54 ./Drivers/STM32F4xx_HAL_Driver/Src/stm32f4xx_hal_cortex.o
 .text.NVIC_EncodePriority
                0x0000000008004ecc       0x66 ./Drivers/STM32F4xx_HAL_Driver/Src/stm32f4xx_hal_cortex.o
 *fill*         0x0000000008004f32        0x2 
 .text.SysTick_Config
                0x0000000008004f34       0x44 ./Drivers/STM32F4xx_HAL_Driver/Src/stm32f4xx_hal_cortex.o
 .text.HAL_NVIC_SetPriorityGrouping
                0x0000000008004f78       0x16 ./Drivers/STM32F4xx_HAL_Driver/Src/stm32f4xx_hal_cortex.o
                0x0000000008004f78                HAL_NVIC_SetPriorityGrouping
 .text.HAL_NVIC_SetPriority
                0x0000000008004f8e       0x38 ./Drivers/STM32F4xx_HAL_Driver/Src/stm32f4xx_hal_cortex.o
                0x0000000008004f8e                HAL_NVIC_SetPriority
 .text.HAL_NVIC_EnableIRQ
                0x0000000008004fc6       0x1c ./Drivers/STM32F4xx_HAL_Driver/Src/stm32f4xx_hal_cortex.o
                0x0000000008004fc6                HAL_NVIC_EnableIRQ
 .text.HAL_SYSTICK_Config
                0x0000000008004fe2       0x18 ./Drivers/STM32F4xx_HAL_Driver/Src/stm32f4xx_hal_cortex.o
                0x0000000008004fe2                HAL_SYSTICK_Config
 .text.HAL_DMA_Abort
                0x0000000008004ffa       0xe0 ./Drivers/STM32F4xx_HAL_Driver/Src/stm32f4xx_hal_dma.o
                0x0000000008004ffa                HAL_DMA_Abort
 .text.HAL_DMA_Abort_IT
                0x00000000080050da       0x44 ./Drivers/STM32F4xx_HAL_Driver/Src/stm32f4xx_hal_dma.o
                0x00000000080050da                HAL_DMA_Abort_IT
 .text.HAL_DMA_GetError
                0x000000000800511e       0x18 ./Drivers/STM32F4xx_HAL_Driver/Src/stm32f4xx_hal_dma.o
                0x000000000800511e                HAL_DMA_GetError
 *fill*         0x0000000008005136        0x2 
 .text.HAL_GPIO_Init
                0x0000000008005138      0x338 ./Drivers/STM32F4xx_HAL_Driver/Src/stm32f4xx_hal_gpio.o
                0x0000000008005138                HAL_GPIO_Init
 .text.HAL_GPIO_ReadPin
                0x0000000008005470       0x30 ./Drivers/STM32F4xx_HAL_Driver/Src/stm32f4xx_hal_gpio.o
                0x0000000008005470                HAL_GPIO_ReadPin
 .text.HAL_GPIO_WritePin
                0x00000000080054a0       0x32 ./Drivers/STM32F4xx_HAL_Driver/Src/stm32f4xx_hal_gpio.o
                0x00000000080054a0                HAL_GPIO_WritePin
 .text.HAL_PCD_Init
                0x00000000080054d2      0x23a ./Drivers/STM32F4xx_HAL_Driver/Src/stm32f4xx_hal_pcd.o
                0x00000000080054d2                HAL_PCD_Init
 .text.HAL_RCC_OscConfig
                0x000000000800570c      0x4f0 ./Drivers/STM32F4xx_HAL_Driver/Src/stm32f4xx_hal_rcc.o
                0x000000000800570c                HAL_RCC_OscConfig
 .text.HAL_RCC_ClockConfig
                0x0000000008005bfc      0x1cc ./Drivers/STM32F4xx_HAL_Driver/Src/stm32f4xx_hal_rcc.o
                0x0000000008005bfc                HAL_RCC_ClockConfig
 .text.HAL_RCC_GetSysClockFreq
                0x0000000008005dc8      0x20c ./Drivers/STM32F4xx_HAL_Driver/Src/stm32f4xx_hal_rcc.o
                0x0000000008005dc8                HAL_RCC_GetSysClockFreq
 .text.HAL_RCC_GetHCLKFreq
                0x0000000008005fd4       0x18 ./Drivers/STM32F4xx_HAL_Driver/Src/stm32f4xx_hal_rcc.o
                0x0000000008005fd4                HAL_RCC_GetHCLKFreq
 .text.HAL_RCC_GetPCLK1Freq
                0x0000000008005fec       0x28 ./Drivers/STM32F4xx_HAL_Driver/Src/stm32f4xx_hal_rcc.o
                0x0000000008005fec                HAL_RCC_GetPCLK1Freq
 .text.HAL_RCC_GetPCLK2Freq
                0x0000000008006014       0x28 ./Drivers/STM32F4xx_HAL_Driver/Src/stm32f4xx_hal_rcc.o
                0x0000000008006014                HAL_RCC_GetPCLK2Freq
 .text.HAL_SPI_Init
                0x000000000800603c      0x112 ./Drivers/STM32F4xx_HAL_Driver/Src/stm32f4xx_hal_spi.o
                0x000000000800603c                HAL_SPI_Init
 .text.HAL_SPI_Transmit
                0x000000000800614e      0x278 ./Drivers/STM32F4xx_HAL_Driver/Src/stm32f4xx_hal_spi.o
                0x000000000800614e                HAL_SPI_Transmit
 *fill*         0x00000000080063c6        0x2 
 .text.SPI_WaitFlagStateUntilTimeout
                0x00000000080063c8      0x110 ./Drivers/STM32F4xx_HAL_Driver/Src/stm32f4xx_hal_spi.o
 .text.SPI_EndRxTxTransaction
                0x00000000080064d8       0x84 ./Drivers/STM32F4xx_HAL_Driver/Src/stm32f4xx_hal_spi.o
 .text.HAL_UART_Init
                0x000000000800655c       0x9a ./Drivers/STM32F4xx_HAL_Driver/Src/stm32f4xx_hal_uart.o
                0x000000000800655c                HAL_UART_Init
 .text.HAL_UART_Transmit_IT
                0x00000000080065f6       0x8a ./Drivers/STM32F4xx_HAL_Driver/Src/stm32f4xx_hal_uart.o
                0x00000000080065f6                HAL_UART_Transmit_IT
 .text.HAL_UART_Receive_IT
                0x0000000008006680       0x60 ./Drivers/STM32F4xx_HAL_Driver/Src/stm32f4xx_hal_uart.o
                0x0000000008006680                HAL_UART_Receive_IT
 .text.HAL_UART_AbortTransmit
                0x00000000080066e0       0xd0 ./Drivers/STM32F4xx_HAL_Driver/Src/stm32f4xx_hal_uart.o
                0x00000000080066e0                HAL_UART_AbortTransmit
 .text.HAL_UART_AbortReceive
                0x00000000080067b0      0x146 ./Drivers/STM32F4xx_HAL_Driver/Src/stm32f4xx_hal_uart.o
                0x00000000080067b0                HAL_UART_AbortReceive
 *fill*         0x00000000080068f6        0x2 
 .text.HAL_UART_IRQHandler
                0x00000000080068f8      0x51c ./Drivers/STM32F4xx_HAL_Driver/Src/stm32f4xx_hal_uart.o
                0x00000000080068f8                HAL_UART_IRQHandler
 .text.HAL_UART_ErrorCallback
                0x0000000008006e14       0x14 ./Drivers/STM32F4xx_HAL_Driver/Src/stm32f4xx_hal_uart.o
                0x0000000008006e14                HAL_UART_ErrorCallback
 .text.HAL_UARTEx_RxEventCallback
                0x0000000008006e28       0x18 ./Drivers/STM32F4xx_HAL_Driver/Src/stm32f4xx_hal_uart.o
                0x0000000008006e28                HAL_UARTEx_RxEventCallback
 .text.UART_Start_Receive_IT
                0x0000000008006e40       0x7c ./Drivers/STM32F4xx_HAL_Driver/Src/stm32f4xx_hal_uart.o
                0x0000000008006e40                UART_Start_Receive_IT
 .text.UART_EndRxTransfer
                0x0000000008006ebc       0xc6 ./Drivers/STM32F4xx_HAL_Driver/Src/stm32f4xx_hal_uart.o
 .text.UART_DMAAbortOnError
                0x0000000008006f82       0x28 ./Drivers/STM32F4xx_HAL_Driver/Src/stm32f4xx_hal_uart.o
 .text.UART_Transmit_IT
                0x0000000008006faa       0xa0 ./Drivers/STM32F4xx_HAL_Driver/Src/stm32f4xx_hal_uart.o
 .text.UART_EndTransmit_IT
                0x000000000800704a       0x30 ./Drivers/STM32F4xx_HAL_Driver/Src/stm32f4xx_hal_uart.o
 .text.UART_Receive_IT
                0x000000000800707a      0x176 ./Drivers/STM32F4xx_HAL_Driver/Src/stm32f4xx_hal_uart.o
 .text.UART_SetConfig
                0x00000000080071f0      0x4e8 ./Drivers/STM32F4xx_HAL_Driver/Src/stm32f4xx_hal_uart.o
 .text.USB_CoreInit
                0x00000000080076d8       0xc2 ./Drivers/STM32F4xx_HAL_Driver/Src/stm32f4xx_ll_usb.o
                0x00000000080076d8                USB_CoreInit
 .text.USB_DisableGlobalInt
                0x000000000800779a       0x22 ./Drivers/STM32F4xx_HAL_Driver/Src/stm32f4xx_ll_usb.o
                0x000000000800779a                USB_DisableGlobalInt
 .text.USB_SetCurrentMode
                0x00000000080077bc       0x98 ./Drivers/STM32F4xx_HAL_Driver/Src/stm32f4xx_ll_usb.o
                0x00000000080077bc                USB_SetCurrentMode
 .text.USB_DevInit
                0x0000000008007854      0x2c8 ./Drivers/STM32F4xx_HAL_Driver/Src/stm32f4xx_ll_usb.o
                0x0000000008007854                USB_DevInit
 .text.USB_FlushTxFifo
                0x0000000008007b1c       0x68 ./Drivers/STM32F4xx_HAL_Driver/Src/stm32f4xx_ll_usb.o
                0x0000000008007b1c                USB_FlushTxFifo
 .text.USB_FlushRxFifo
                0x0000000008007b84       0x60 ./Drivers/STM32F4xx_HAL_Driver/Src/stm32f4xx_ll_usb.o
                0x0000000008007b84                USB_FlushRxFifo
 .text.USB_SetDevSpeed
                0x0000000008007be4       0x32 ./Drivers/STM32F4xx_HAL_Driver/Src/stm32f4xx_ll_usb.o
                0x0000000008007be4                USB_SetDevSpeed
 .text.USB_DevDisconnect
                0x0000000008007c16       0x42 ./Drivers/STM32F4xx_HAL_Driver/Src/stm32f4xx_ll_usb.o
                0x0000000008007c16                USB_DevDisconnect
 .text.USB_GetMode
                0x0000000008007c58       0x1c ./Drivers/STM32F4xx_HAL_Driver/Src/stm32f4xx_ll_usb.o
                0x0000000008007c58                USB_GetMode
 .text.USB_CoreReset
                0x0000000008007c74       0x68 ./Drivers/STM32F4xx_HAL_Driver/Src/stm32f4xx_ll_usb.o
 .text.__libc_init_array
                0x0000000008007cdc       0x48 c:/program files/stm32cubeide_1.9.0/stm32cubeide/plugins/com.st.stm32cube.ide.mcu.externaltools.gnu-tools-for-stm32.10.3-2021.10.win32_1.0.0.202111181127/tools/bin/../lib/gcc/arm-none-eabi/10.3.1/../../../../arm-none-eabi/lib/thumb/v7e-m+fp/hard\libc_nano.a(lib_a-init.o)
                0x0000000008007cdc                __libc_init_array
 .text.memset   0x0000000008007d24       0x10 c:/program files/stm32cubeide_1.9.0/stm32cubeide/plugins/com.st.stm32cube.ide.mcu.externaltools.gnu-tools-for-stm32.10.3-2021.10.win32_1.0.0.202111181127/tools/bin/../lib/gcc/arm-none-eabi/10.3.1/../../../../arm-none-eabi/lib/thumb/v7e-m+fp/hard\libc_nano.a(lib_a-memset.o)
                0x0000000008007d24                memset
 *(.glue_7)
 .glue_7        0x0000000008007d34        0x0 linker stubs
 *(.glue_7t)
 .glue_7t       0x0000000008007d34        0x0 linker stubs
 *(.eh_frame)
 .eh_frame      0x0000000008007d34        0x0 c:/program files/stm32cubeide_1.9.0/stm32cubeide/plugins/com.st.stm32cube.ide.mcu.externaltools.gnu-tools-for-stm32.10.3-2021.10.win32_1.0.0.202111181127/tools/bin/../lib/gcc/arm-none-eabi/10.3.1/thumb/v7e-m+fp/hard/crtbegin.o
 *(.init)
 .init          0x0000000008007d34        0x4 c:/program files/stm32cubeide_1.9.0/stm32cubeide/plugins/com.st.stm32cube.ide.mcu.externaltools.gnu-tools-for-stm32.10.3-2021.10.win32_1.0.0.202111181127/tools/bin/../lib/gcc/arm-none-eabi/10.3.1/thumb/v7e-m+fp/hard/crti.o
                0x0000000008007d34                _init
 .init          0x0000000008007d38        0x8 c:/program files/stm32cubeide_1.9.0/stm32cubeide/plugins/com.st.stm32cube.ide.mcu.externaltools.gnu-tools-for-stm32.10.3-2021.10.win32_1.0.0.202111181127/tools/bin/../lib/gcc/arm-none-eabi/10.3.1/thumb/v7e-m+fp/hard/crtn.o
 *(.fini)
 .fini          0x0000000008007d40        0x4 c:/program files/stm32cubeide_1.9.0/stm32cubeide/plugins/com.st.stm32cube.ide.mcu.externaltools.gnu-tools-for-stm32.10.3-2021.10.win32_1.0.0.202111181127/tools/bin/../lib/gcc/arm-none-eabi/10.3.1/thumb/v7e-m+fp/hard/crti.o
                0x0000000008007d40                _fini
 .fini          0x0000000008007d44        0x8 c:/program files/stm32cubeide_1.9.0/stm32cubeide/plugins/com.st.stm32cube.ide.mcu.externaltools.gnu-tools-for-stm32.10.3-2021.10.win32_1.0.0.202111181127/tools/bin/../lib/gcc/arm-none-eabi/10.3.1/thumb/v7e-m+fp/hard/crtn.o
                0x0000000008007d4c                . = ALIGN (0x4)
                0x0000000008007d4c                _etext = .

.vfp11_veneer   0x0000000008007d4c        0x0
 .vfp11_veneer  0x0000000008007d4c        0x0 linker stubs

.v4_bx          0x0000000008007d4c        0x0
 .v4_bx         0x0000000008007d4c        0x0 linker stubs

.iplt           0x0000000008007d4c        0x0
 .iplt          0x0000000008007d4c        0x0 c:/program files/stm32cubeide_1.9.0/stm32cubeide/plugins/com.st.stm32cube.ide.mcu.externaltools.gnu-tools-for-stm32.10.3-2021.10.win32_1.0.0.202111181127/tools/bin/../lib/gcc/arm-none-eabi/10.3.1/thumb/v7e-m+fp/hard/crtbegin.o

.rodata         0x0000000008007d4c       0x28
                0x0000000008007d4c                . = ALIGN (0x4)
 *(.rodata)
 .rodata        0x0000000008007d4c        0x8 ./Core/Src/Def_Control.o
 .rodata        0x0000000008007d54        0x5 ./Core/Src/main.o
 *(.rodata*)
 *fill*         0x0000000008007d59        0x3 
 .rodata.AHBPrescTable
                0x0000000008007d5c       0x10 ./Core/Src/system_stm32f4xx.o
                0x0000000008007d5c                AHBPrescTable
 .rodata.APBPrescTable
                0x0000000008007d6c        0x8 ./Core/Src/system_stm32f4xx.o
                0x0000000008007d6c                APBPrescTable
                0x0000000008007d74                . = ALIGN (0x4)

.ARM.extab      0x0000000008007d74        0x0
                0x0000000008007d74                . = ALIGN (0x4)
 *(.ARM.extab* .gnu.linkonce.armextab.*)
                0x0000000008007d74                . = ALIGN (0x4)

.ARM            0x0000000008007d74        0x8
                0x0000000008007d74                . = ALIGN (0x4)
                0x0000000008007d74                __exidx_start = .
 *(.ARM.exidx*)
 .ARM.exidx     0x0000000008007d74        0x8 c:/program files/stm32cubeide_1.9.0/stm32cubeide/plugins/com.st.stm32cube.ide.mcu.externaltools.gnu-tools-for-stm32.10.3-2021.10.win32_1.0.0.202111181127/tools/bin/../lib/gcc/arm-none-eabi/10.3.1/thumb/v7e-m+fp/hard\libgcc.a(_udivmoddi4.o)
                0x0000000008007d7c                __exidx_end = .
                0x0000000008007d7c                . = ALIGN (0x4)

.rel.dyn        0x0000000008007d7c        0x0
 .rel.iplt      0x0000000008007d7c        0x0 c:/program files/stm32cubeide_1.9.0/stm32cubeide/plugins/com.st.stm32cube.ide.mcu.externaltools.gnu-tools-for-stm32.10.3-2021.10.win32_1.0.0.202111181127/tools/bin/../lib/gcc/arm-none-eabi/10.3.1/thumb/v7e-m+fp/hard/crtbegin.o

.preinit_array  0x0000000008007d7c        0x0
                0x0000000008007d7c                . = ALIGN (0x4)
                0x0000000008007d7c                PROVIDE (__preinit_array_start = .)
 *(.preinit_array*)
                0x0000000008007d7c                PROVIDE (__preinit_array_end = .)
                0x0000000008007d7c                . = ALIGN (0x4)

.init_array     0x0000000008007d7c        0x4
                0x0000000008007d7c                . = ALIGN (0x4)
                0x0000000008007d7c                PROVIDE (__init_array_start = .)
 *(SORT_BY_NAME(.init_array.*))
 *(.init_array*)
 .init_array    0x0000000008007d7c        0x4 c:/program files/stm32cubeide_1.9.0/stm32cubeide/plugins/com.st.stm32cube.ide.mcu.externaltools.gnu-tools-for-stm32.10.3-2021.10.win32_1.0.0.202111181127/tools/bin/../lib/gcc/arm-none-eabi/10.3.1/thumb/v7e-m+fp/hard/crtbegin.o
                0x0000000008007d80                PROVIDE (__init_array_end = .)
                0x0000000008007d80                . = ALIGN (0x4)

.fini_array     0x0000000008007d80        0x4
                0x0000000008007d80                . = ALIGN (0x4)
                [!provide]                        PROVIDE (__fini_array_start = .)
 *(SORT_BY_NAME(.fini_array.*))
 *(.fini_array*)
 .fini_array    0x0000000008007d80        0x4 c:/program files/stm32cubeide_1.9.0/stm32cubeide/plugins/com.st.stm32cube.ide.mcu.externaltools.gnu-tools-for-stm32.10.3-2021.10.win32_1.0.0.202111181127/tools/bin/../lib/gcc/arm-none-eabi/10.3.1/thumb/v7e-m+fp/hard/crtbegin.o
                [!provide]                        PROVIDE (__fini_array_end = .)
                0x0000000008007d84                . = ALIGN (0x4)
                0x0000000008007d84                _sidata = LOADADDR (.data)

.data           0x0000000020000000       0x10 load address 0x0000000008007d84
                0x0000000020000000                . = ALIGN (0x4)
                0x0000000020000000                _sdata = .
 *(.data)
 *(.data*)
 .data.ptUART_CH
                0x0000000020000000        0x1 ./Core/Src/Def_RS485.o
                0x0000000020000000                ptUART_CH
 *fill*         0x0000000020000001        0x3 
 .data.SystemCoreClock
                0x0000000020000004        0x4 ./Core/Src/system_stm32f4xx.o
                0x0000000020000004                SystemCoreClock
 .data.uwTickPrio
                0x0000000020000008        0x4 ./Drivers/STM32F4xx_HAL_Driver/Src/stm32f4xx_hal.o
                0x0000000020000008                uwTickPrio
 .data.uwTickFreq
                0x000000002000000c        0x1 ./Drivers/STM32F4xx_HAL_Driver/Src/stm32f4xx_hal.o
                0x000000002000000c                uwTickFreq
 *(.RamFunc)
 *(.RamFunc*)
                0x0000000020000010                . = ALIGN (0x4)
 *fill*         0x000000002000000d        0x3 
                0x0000000020000010                _edata = .
                0x0000000008007d94                _siccmram = LOADADDR (.ccmram)

.igot.plt       0x0000000020000010        0x0 load address 0x0000000008007d94
 .igot.plt      0x0000000020000010        0x0 c:/program files/stm32cubeide_1.9.0/stm32cubeide/plugins/com.st.stm32cube.ide.mcu.externaltools.gnu-tools-for-stm32.10.3-2021.10.win32_1.0.0.202111181127/tools/bin/../lib/gcc/arm-none-eabi/10.3.1/thumb/v7e-m+fp/hard/crtbegin.o

.ccmram         0x0000000010000000        0x0 load address 0x0000000008007d94
                0x0000000010000000                . = ALIGN (0x4)
                0x0000000010000000                _sccmram = .
 *(.ccmram)
 *(.ccmram*)
                0x0000000010000000                . = ALIGN (0x4)
                0x0000000010000000                _eccmram = .
                0x0000000010000000                . = ALIGN (0x4)

.bss            0x0000000020000010      0xd18
                0x0000000020000010                _sbss = .
                0x0000000020000010                __bss_start__ = _sbss
 *(.bss)
 .bss           0x0000000020000010       0x1c c:/program files/stm32cubeide_1.9.0/stm32cubeide/plugins/com.st.stm32cube.ide.mcu.externaltools.gnu-tools-for-stm32.10.3-2021.10.win32_1.0.0.202111181127/tools/bin/../lib/gcc/arm-none-eabi/10.3.1/thumb/v7e-m+fp/hard/crtbegin.o
 *(.bss*)
 .bss.identif   0x000000002000002c        0x3 ./Core/Src/Def_Control.o
                0x000000002000002c                identif
 *fill*         0x000000002000002f        0x1 
 .bss.fuentesStatus
                0x0000000020000030       0x14 ./Core/Src/Def_Control.o
                0x0000000020000030                fuentesStatus
 .bss.SPIst     0x0000000020000044       0x58 ./Core/Src/Def_Control.o
                0x0000000020000044                SPIst
 .bss.fuentes_ON_OFF
                0x000000002000009c        0x8 ./Core/Src/Def_Control.o
                0x000000002000009c                fuentes_ON_OFF
 .bss.testNum   0x00000000200000a4        0x1 ./Core/Src/Def_Control.o
                0x00000000200000a4                testNum
 *fill*         0x00000000200000a5        0x1 
 .bss.i         0x00000000200000a6        0x2 ./Core/Src/Def_Control.o
                0x00000000200000a6                i
 .bss.protslv   0x00000000200000a8       0x40 ./Core/Src/Def_ProtocolSlave.o
                0x00000000200000a8                protslv
 .bss.frame     0x00000000200000e8       0x14 ./Core/Src/Def_ProtocolSlave.o
                0x00000000200000e8                frame
 .bss.ptu8ProtBuffer
                0x00000000200000fc       0xff ./Core/Src/Def_ProtocolSlave.o
                0x00000000200000fc                ptu8ProtBuffer
 .bss.u8ErrorNumber
                0x00000000200001fb        0x1 ./Core/Src/Def_ProtocolSlave.o
                0x00000000200001fb                u8ErrorNumber
 .bss.u8OperacioEnCurs
                0x00000000200001fc        0x1 ./Core/Src/Def_ProtocolSlave.o
                0x00000000200001fc                u8OperacioEnCurs
 *fill*         0x00000000200001fd        0x3 
 .bss.xEstat485
                0x0000000020000200        0x1 ./Core/Src/Def_RS485.o
                0x0000000020000200                xEstat485
 *fill*         0x0000000020000201        0x3 
 .bss.estatledStandBy
                0x0000000020000204       0x10 ./Core/Src/Def_Standby.o
                0x0000000020000204                estatledStandBy
 .bss.standby   0x0000000020000214       0x14 ./Core/Src/Def_Standby.o
                0x0000000020000214                standby
 .bss.switch_status
                0x0000000020000228        0x8 ./Core/Src/Def_Standby.o
                0x0000000020000228                switch_status
 .bss.ac_fail   0x0000000020000230        0x1 ./Core/Src/Def_Standby.o
                0x0000000020000230                ac_fail
 .bss.temp_fail
                0x0000000020000231        0x1 ./Core/Src/Def_Standby.o
                0x0000000020000231                temp_fail
 .bss.fan_ok    0x0000000020000232        0x1 ./Core/Src/Def_Standby.o
                0x0000000020000232                fan_ok
 *fill*         0x0000000020000233        0x1 
 .bss.MemoryMap
                0x0000000020000234       0x64 ./Core/Src/Def_System.o
                0x0000000020000234                MemoryMap
 .bss.estatled  0x0000000020000298       0x18 ./Core/Src/LED.o
                0x0000000020000298                estatled
 .bss.uart_control
                0x00000000200002b0      0x420 ./Core/Src/UART.o
                0x00000000200002b0                uart_control
 .bss.hspi1     0x00000000200006d0       0x58 ./Core/Src/main.o
                0x00000000200006d0                hspi1
 .bss.hspi2     0x0000000020000728       0x58 ./Core/Src/main.o
                0x0000000020000728                hspi2
 .bss.huart4    0x0000000020000780       0x44 ./Core/Src/main.o
                0x0000000020000780                huart4
 .bss.huart1    0x00000000200007c4       0x44 ./Core/Src/main.o
                0x00000000200007c4                huart1
 .bss.hpcd_USB_OTG_FS
                0x0000000020000808      0x50c ./Core/Src/main.o
                0x0000000020000808                hpcd_USB_OTG_FS
 .bss.u32TicksMain
                0x0000000020000d14        0x4 ./Core/Src/main.o
                0x0000000020000d14                u32TicksMain
 .bss.u32TicksReset
                0x0000000020000d18        0x4 ./Core/Src/main.o
                0x0000000020000d18                u32TicksReset
 .bss.appLed    0x0000000020000d1c        0x8 ./Core/Src/main.o
                0x0000000020000d1c                appLed
 .bss.uwTick    0x0000000020000d24        0x4 ./Drivers/STM32F4xx_HAL_Driver/Src/stm32f4xx_hal.o
                0x0000000020000d24                uwTick
 *(COMMON)
                0x0000000020000d28                . = ALIGN (0x4)
                0x0000000020000d28                _ebss = .
                0x0000000020000d28                __bss_end__ = _ebss

._user_heap_stack
                0x0000000020000d28      0x600
                0x0000000020000d28                . = ALIGN (0x8)
                [!provide]                        PROVIDE (end = .)
                0x0000000020000d28                PROVIDE (_end = .)
                0x0000000020000f28                . = (. + _Min_Heap_Size)
 *fill*         0x0000000020000d28      0x200 
                0x0000000020001328                . = (. + _Min_Stack_Size)
 *fill*         0x0000000020000f28      0x400 
                0x0000000020001328                . = ALIGN (0x8)

/DISCARD/
 libc.a(*)
 libm.a(*)
 libgcc.a(*)

.ARM.attributes
                0x0000000000000000       0x30
 *(.ARM.attributes)
 .ARM.attributes
                0x0000000000000000       0x1e c:/program files/stm32cubeide_1.9.0/stm32cubeide/plugins/com.st.stm32cube.ide.mcu.externaltools.gnu-tools-for-stm32.10.3-2021.10.win32_1.0.0.202111181127/tools/bin/../lib/gcc/arm-none-eabi/10.3.1/thumb/v7e-m+fp/hard/crti.o
 .ARM.attributes
                0x000000000000001e       0x34 c:/program files/stm32cubeide_1.9.0/stm32cubeide/plugins/com.st.stm32cube.ide.mcu.externaltools.gnu-tools-for-stm32.10.3-2021.10.win32_1.0.0.202111181127/tools/bin/../lib/gcc/arm-none-eabi/10.3.1/thumb/v7e-m+fp/hard/crtbegin.o
 .ARM.attributes
                0x0000000000000052       0x34 ./Core/Src/AD5676.o
 .ARM.attributes
                0x0000000000000086       0x34 ./Core/Src/Def_Control.o
 .ARM.attributes
                0x00000000000000ba       0x34 ./Core/Src/Def_ProtocolSlave.o
 .ARM.attributes
                0x00000000000000ee       0x34 ./Core/Src/Def_RS485.o
 .ARM.attributes
                0x0000000000000122       0x34 ./Core/Src/Def_Standby.o
 .ARM.attributes
                0x0000000000000156       0x34 ./Core/Src/Def_System.o
 .ARM.attributes
                0x000000000000018a       0x34 ./Core/Src/Delays.o
 .ARM.attributes
                0x00000000000001be       0x34 ./Core/Src/LED.o
 .ARM.attributes
                0x00000000000001f2       0x34 ./Core/Src/Ticks.o
 .ARM.attributes
                0x0000000000000226       0x34 ./Core/Src/UART.o
 .ARM.attributes
                0x000000000000025a       0x34 ./Core/Src/main.o
 .ARM.attributes
                0x000000000000028e       0x34 ./Core/Src/stm32f4xx_hal_msp.o
 .ARM.attributes
                0x00000000000002c2       0x34 ./Core/Src/stm32f4xx_it.o
 .ARM.attributes
                0x00000000000002f6       0x34 ./Core/Src/system_stm32f4xx.o
 .ARM.attributes
                0x000000000000032a       0x21 ./Core/Startup/startup_stm32f407vgtx.o
 .ARM.attributes
                0x000000000000034b       0x34 ./Drivers/STM32F4xx_HAL_Driver/Src/stm32f4xx_hal.o
 .ARM.attributes
                0x000000000000037f       0x34 ./Drivers/STM32F4xx_HAL_Driver/Src/stm32f4xx_hal_cortex.o
 .ARM.attributes
                0x00000000000003b3       0x34 ./Drivers/STM32F4xx_HAL_Driver/Src/stm32f4xx_hal_dma.o
 .ARM.attributes
                0x00000000000003e7       0x34 ./Drivers/STM32F4xx_HAL_Driver/Src/stm32f4xx_hal_gpio.o
 .ARM.attributes
                0x000000000000041b       0x34 ./Drivers/STM32F4xx_HAL_Driver/Src/stm32f4xx_hal_pcd.o
 .ARM.attributes
                0x000000000000044f       0x34 ./Drivers/STM32F4xx_HAL_Driver/Src/stm32f4xx_hal_rcc.o
 .ARM.attributes
                0x0000000000000483       0x34 ./Drivers/STM32F4xx_HAL_Driver/Src/stm32f4xx_hal_spi.o
 .ARM.attributes
                0x00000000000004b7       0x34 ./Drivers/STM32F4xx_HAL_Driver/Src/stm32f4xx_hal_uart.o
 .ARM.attributes
                0x00000000000004eb       0x34 ./Drivers/STM32F4xx_HAL_Driver/Src/stm32f4xx_ll_usb.o
 .ARM.attributes
                0x000000000000051f       0x34 c:/program files/stm32cubeide_1.9.0/stm32cubeide/plugins/com.st.stm32cube.ide.mcu.externaltools.gnu-tools-for-stm32.10.3-2021.10.win32_1.0.0.202111181127/tools/bin/../lib/gcc/arm-none-eabi/10.3.1/../../../../arm-none-eabi/lib/thumb/v7e-m+fp/hard\libc_nano.a(lib_a-init.o)
 .ARM.attributes
                0x0000000000000553       0x34 c:/program files/stm32cubeide_1.9.0/stm32cubeide/plugins/com.st.stm32cube.ide.mcu.externaltools.gnu-tools-for-stm32.10.3-2021.10.win32_1.0.0.202111181127/tools/bin/../lib/gcc/arm-none-eabi/10.3.1/../../../../arm-none-eabi/lib/thumb/v7e-m+fp/hard\libc_nano.a(lib_a-memset.o)
 .ARM.attributes
                0x0000000000000587       0x1e c:/program files/stm32cubeide_1.9.0/stm32cubeide/plugins/com.st.stm32cube.ide.mcu.externaltools.gnu-tools-for-stm32.10.3-2021.10.win32_1.0.0.202111181127/tools/bin/../lib/gcc/arm-none-eabi/10.3.1/thumb/v7e-m+fp/hard\libgcc.a(_arm_muldf3.o)
 .ARM.attributes
                0x00000000000005a5       0x1e c:/program files/stm32cubeide_1.9.0/stm32cubeide/plugins/com.st.stm32cube.ide.mcu.externaltools.gnu-tools-for-stm32.10.3-2021.10.win32_1.0.0.202111181127/tools/bin/../lib/gcc/arm-none-eabi/10.3.1/thumb/v7e-m+fp/hard\libgcc.a(_arm_addsubdf3.o)
 .ARM.attributes
                0x00000000000005c3       0x1e c:/program files/stm32cubeide_1.9.0/stm32cubeide/plugins/com.st.stm32cube.ide.mcu.externaltools.gnu-tools-for-stm32.10.3-2021.10.win32_1.0.0.202111181127/tools/bin/../lib/gcc/arm-none-eabi/10.3.1/thumb/v7e-m+fp/hard\libgcc.a(_arm_truncdfsf2.o)
 .ARM.attributes
                0x00000000000005e1       0x1e c:/program files/stm32cubeide_1.9.0/stm32cubeide/plugins/com.st.stm32cube.ide.mcu.externaltools.gnu-tools-for-stm32.10.3-2021.10.win32_1.0.0.202111181127/tools/bin/../lib/gcc/arm-none-eabi/10.3.1/thumb/v7e-m+fp/hard\libgcc.a(_aeabi_uldivmod.o)
 .ARM.attributes
                0x00000000000005ff       0x34 c:/program files/stm32cubeide_1.9.0/stm32cubeide/plugins/com.st.stm32cube.ide.mcu.externaltools.gnu-tools-for-stm32.10.3-2021.10.win32_1.0.0.202111181127/tools/bin/../lib/gcc/arm-none-eabi/10.3.1/thumb/v7e-m+fp/hard\libgcc.a(_udivmoddi4.o)
 .ARM.attributes
                0x0000000000000633       0x1e c:/program files/stm32cubeide_1.9.0/stm32cubeide/plugins/com.st.stm32cube.ide.mcu.externaltools.gnu-tools-for-stm32.10.3-2021.10.win32_1.0.0.202111181127/tools/bin/../lib/gcc/arm-none-eabi/10.3.1/thumb/v7e-m+fp/hard\libgcc.a(_dvmd_tls.o)
 .ARM.attributes
                0x0000000000000651       0x1e c:/program files/stm32cubeide_1.9.0/stm32cubeide/plugins/com.st.stm32cube.ide.mcu.externaltools.gnu-tools-for-stm32.10.3-2021.10.win32_1.0.0.202111181127/tools/bin/../lib/gcc/arm-none-eabi/10.3.1/thumb/v7e-m+fp/hard/crtn.o
OUTPUT(PS Control.elf elf32-littlearm)
LOAD linker stubs
LOAD c:/program files/stm32cubeide_1.9.0/stm32cubeide/plugins/com.st.stm32cube.ide.mcu.externaltools.gnu-tools-for-stm32.10.3-2021.10.win32_1.0.0.202111181127/tools/bin/../lib/gcc/arm-none-eabi/10.3.1/../../../../arm-none-eabi/lib/thumb/v7e-m+fp/hard\libc.a
LOAD c:/program files/stm32cubeide_1.9.0/stm32cubeide/plugins/com.st.stm32cube.ide.mcu.externaltools.gnu-tools-for-stm32.10.3-2021.10.win32_1.0.0.202111181127/tools/bin/../lib/gcc/arm-none-eabi/10.3.1/../../../../arm-none-eabi/lib/thumb/v7e-m+fp/hard\libm.a
LOAD c:/program files/stm32cubeide_1.9.0/stm32cubeide/plugins/com.st.stm32cube.ide.mcu.externaltools.gnu-tools-for-stm32.10.3-2021.10.win32_1.0.0.202111181127/tools/bin/../lib/gcc/arm-none-eabi/10.3.1/thumb/v7e-m+fp/hard\libgcc.a

.debug_info     0x0000000000000000    0x14d9d
 .debug_info    0x0000000000000000      0xbdc ./Core/Src/AD5676.o
 .debug_info    0x0000000000000bdc     0x10b3 ./Core/Src/Def_Control.o
 .debug_info    0x0000000000001c8f      0xf37 ./Core/Src/Def_ProtocolSlave.o
 .debug_info    0x0000000000002bc6      0x4c9 ./Core/Src/Def_RS485.o
 .debug_info    0x000000000000308f      0xe80 ./Core/Src/Def_Standby.o
 .debug_info    0x0000000000003f0f     0x109e ./Core/Src/Def_System.o
 .debug_info    0x0000000000004fad       0xc9 ./Core/Src/Delays.o
 .debug_info    0x0000000000005076      0x3b7 ./Core/Src/LED.o
 .debug_info    0x000000000000542d       0xfa ./Core/Src/Ticks.o
 .debug_info    0x0000000000005527      0xb1e ./Core/Src/UART.o
 .debug_info    0x0000000000006045     0x2113 ./Core/Src/main.o
 .debug_info    0x0000000000008158     0x1480 ./Core/Src/stm32f4xx_hal_msp.o
 .debug_info    0x00000000000095d8      0x68a ./Core/Src/stm32f4xx_it.o
 .debug_info    0x0000000000009c62      0x523 ./Core/Src/system_stm32f4xx.o
 .debug_info    0x000000000000a185       0x22 ./Core/Startup/startup_stm32f407vgtx.o
 .debug_info    0x000000000000a1a7      0x97c ./Drivers/STM32F4xx_HAL_Driver/Src/stm32f4xx_hal.o
 .debug_info    0x000000000000ab23      0xe1b ./Drivers/STM32F4xx_HAL_Driver/Src/stm32f4xx_hal_cortex.o
 .debug_info    0x000000000000b93e      0x94f ./Drivers/STM32F4xx_HAL_Driver/Src/stm32f4xx_hal_dma.o
 .debug_info    0x000000000000c28d      0x76a ./Drivers/STM32F4xx_HAL_Driver/Src/stm32f4xx_hal_gpio.o
 .debug_info    0x000000000000c9f7     0x1695 ./Drivers/STM32F4xx_HAL_Driver/Src/stm32f4xx_hal_pcd.o
 .debug_info    0x000000000000e08c      0x966 ./Drivers/STM32F4xx_HAL_Driver/Src/stm32f4xx_hal_rcc.o
 .debug_info    0x000000000000e9f2     0x1758 ./Drivers/STM32F4xx_HAL_Driver/Src/stm32f4xx_hal_spi.o
 .debug_info    0x000000000001014a     0x31bc ./Drivers/STM32F4xx_HAL_Driver/Src/stm32f4xx_hal_uart.o
 .debug_info    0x0000000000013306     0x1a97 ./Drivers/STM32F4xx_HAL_Driver/Src/stm32f4xx_ll_usb.o

.debug_abbrev   0x0000000000000000     0x3318
 .debug_abbrev  0x0000000000000000      0x24f ./Core/Src/AD5676.o
 .debug_abbrev  0x000000000000024f      0x315 ./Core/Src/Def_Control.o
 .debug_abbrev  0x0000000000000564      0x2b3 ./Core/Src/Def_ProtocolSlave.o
 .debug_abbrev  0x0000000000000817      0x1a1 ./Core/Src/Def_RS485.o
 .debug_abbrev  0x00000000000009b8      0x27a ./Core/Src/Def_Standby.o
 .debug_abbrev  0x0000000000000c32      0x209 ./Core/Src/Def_System.o
 .debug_abbrev  0x0000000000000e3b       0x81 ./Core/Src/Delays.o
 .debug_abbrev  0x0000000000000ebc      0x1a9 ./Core/Src/LED.o
 .debug_abbrev  0x0000000000001065       0xad ./Core/Src/Ticks.o
 .debug_abbrev  0x0000000000001112      0x2b8 ./Core/Src/UART.o
 .debug_abbrev  0x00000000000013ca      0x3ea ./Core/Src/main.o
 .debug_abbrev  0x00000000000017b4      0x237 ./Core/Src/stm32f4xx_hal_msp.o
 .debug_abbrev  0x00000000000019eb      0x166 ./Core/Src/stm32f4xx_it.o
 .debug_abbrev  0x0000000000001b51      0x116 ./Core/Src/system_stm32f4xx.o
 .debug_abbrev  0x0000000000001c67       0x12 ./Core/Startup/startup_stm32f407vgtx.o
 .debug_abbrev  0x0000000000001c79      0x20d ./Drivers/STM32F4xx_HAL_Driver/Src/stm32f4xx_hal.o
 .debug_abbrev  0x0000000000001e86      0x316 ./Drivers/STM32F4xx_HAL_Driver/Src/stm32f4xx_hal_cortex.o
 .debug_abbrev  0x000000000000219c      0x25b ./Drivers/STM32F4xx_HAL_Driver/Src/stm32f4xx_hal_dma.o
 .debug_abbrev  0x00000000000023f7      0x1c4 ./Drivers/STM32F4xx_HAL_Driver/Src/stm32f4xx_hal_gpio.o
 .debug_abbrev  0x00000000000025bb      0x2bb ./Drivers/STM32F4xx_HAL_Driver/Src/stm32f4xx_hal_pcd.o
 .debug_abbrev  0x0000000000002876      0x2aa ./Drivers/STM32F4xx_HAL_Driver/Src/stm32f4xx_hal_rcc.o
 .debug_abbrev  0x0000000000002b20      0x26e ./Drivers/STM32F4xx_HAL_Driver/Src/stm32f4xx_hal_spi.o
 .debug_abbrev  0x0000000000002d8e      0x2f4 ./Drivers/STM32F4xx_HAL_Driver/Src/stm32f4xx_hal_uart.o
 .debug_abbrev  0x0000000000003082      0x296 ./Drivers/STM32F4xx_HAL_Driver/Src/stm32f4xx_ll_usb.o

.debug_aranges  0x0000000000000000      0xe98
 .debug_aranges
                0x0000000000000000       0x78 ./Core/Src/AD5676.o
 .debug_aranges
                0x0000000000000078       0x50 ./Core/Src/Def_Control.o
 .debug_aranges
                0x00000000000000c8       0x38 ./Core/Src/Def_ProtocolSlave.o
 .debug_aranges
                0x0000000000000100       0x40 ./Core/Src/Def_RS485.o
 .debug_aranges
                0x0000000000000140       0x58 ./Core/Src/Def_Standby.o
 .debug_aranges
                0x0000000000000198       0x48 ./Core/Src/Def_System.o
 .debug_aranges
                0x00000000000001e0       0x20 ./Core/Src/Delays.o
 .debug_aranges
                0x0000000000000200       0x38 ./Core/Src/LED.o
 .debug_aranges
                0x0000000000000238       0x28 ./Core/Src/Ticks.o
 .debug_aranges
                0x0000000000000260       0x70 ./Core/Src/UART.o
 .debug_aranges
                0x00000000000002d0       0x88 ./Core/Src/main.o
 .debug_aranges
                0x0000000000000358       0x50 ./Core/Src/stm32f4xx_hal_msp.o
 .debug_aranges
                0x00000000000003a8       0x70 ./Core/Src/stm32f4xx_it.o
 .debug_aranges
                0x0000000000000418       0x28 ./Core/Src/system_stm32f4xx.o
 .debug_aranges
                0x0000000000000440       0x28 ./Core/Startup/startup_stm32f407vgtx.o
 .debug_aranges
                0x0000000000000468       0xf0 ./Drivers/STM32F4xx_HAL_Driver/Src/stm32f4xx_hal.o
 .debug_aranges
                0x0000000000000558      0x118 ./Drivers/STM32F4xx_HAL_Driver/Src/stm32f4xx_hal_cortex.o
 .debug_aranges
                0x0000000000000670       0x90 ./Drivers/STM32F4xx_HAL_Driver/Src/stm32f4xx_hal_dma.o
 .debug_aranges
                0x0000000000000700       0x58 ./Drivers/STM32F4xx_HAL_Driver/Src/stm32f4xx_hal_gpio.o
 .debug_aranges
                0x0000000000000758      0x148 ./Drivers/STM32F4xx_HAL_Driver/Src/stm32f4xx_hal_pcd.o
 .debug_aranges
                0x00000000000008a0       0x88 ./Drivers/STM32F4xx_HAL_Driver/Src/stm32f4xx_hal_rcc.o
 .debug_aranges
                0x0000000000000928      0x1d0 ./Drivers/STM32F4xx_HAL_Driver/Src/stm32f4xx_hal_spi.o
 .debug_aranges
                0x0000000000000af8      0x200 ./Drivers/STM32F4xx_HAL_Driver/Src/stm32f4xx_hal_uart.o
 .debug_aranges
                0x0000000000000cf8      0x1a0 ./Drivers/STM32F4xx_HAL_Driver/Src/stm32f4xx_ll_usb.o

.debug_ranges   0x0000000000000000      0xd50
 .debug_ranges  0x0000000000000000       0x68 ./Core/Src/AD5676.o
 .debug_ranges  0x0000000000000068       0x40 ./Core/Src/Def_Control.o
 .debug_ranges  0x00000000000000a8       0x28 ./Core/Src/Def_ProtocolSlave.o
 .debug_ranges  0x00000000000000d0       0x30 ./Core/Src/Def_RS485.o
 .debug_ranges  0x0000000000000100       0x48 ./Core/Src/Def_Standby.o
 .debug_ranges  0x0000000000000148       0x38 ./Core/Src/Def_System.o
 .debug_ranges  0x0000000000000180       0x10 ./Core/Src/Delays.o
 .debug_ranges  0x0000000000000190       0x28 ./Core/Src/LED.o
 .debug_ranges  0x00000000000001b8       0x18 ./Core/Src/Ticks.o
 .debug_ranges  0x00000000000001d0       0x60 ./Core/Src/UART.o
 .debug_ranges  0x0000000000000230       0x78 ./Core/Src/main.o
 .debug_ranges  0x00000000000002a8       0x40 ./Core/Src/stm32f4xx_hal_msp.o
 .debug_ranges  0x00000000000002e8       0x60 ./Core/Src/stm32f4xx_it.o
 .debug_ranges  0x0000000000000348       0x18 ./Core/Src/system_stm32f4xx.o
 .debug_ranges  0x0000000000000360       0x20 ./Core/Startup/startup_stm32f407vgtx.o
 .debug_ranges  0x0000000000000380       0xe0 ./Drivers/STM32F4xx_HAL_Driver/Src/stm32f4xx_hal.o
 .debug_ranges  0x0000000000000460      0x108 ./Drivers/STM32F4xx_HAL_Driver/Src/stm32f4xx_hal_cortex.o
 .debug_ranges  0x0000000000000568       0x80 ./Drivers/STM32F4xx_HAL_Driver/Src/stm32f4xx_hal_dma.o
 .debug_ranges  0x00000000000005e8       0x48 ./Drivers/STM32F4xx_HAL_Driver/Src/stm32f4xx_hal_gpio.o
 .debug_ranges  0x0000000000000630      0x138 ./Drivers/STM32F4xx_HAL_Driver/Src/stm32f4xx_hal_pcd.o
 .debug_ranges  0x0000000000000768       0x78 ./Drivers/STM32F4xx_HAL_Driver/Src/stm32f4xx_hal_rcc.o
 .debug_ranges  0x00000000000007e0      0x1c0 ./Drivers/STM32F4xx_HAL_Driver/Src/stm32f4xx_hal_spi.o
 .debug_ranges  0x00000000000009a0      0x220 ./Drivers/STM32F4xx_HAL_Driver/Src/stm32f4xx_hal_uart.o
 .debug_ranges  0x0000000000000bc0      0x190 ./Drivers/STM32F4xx_HAL_Driver/Src/stm32f4xx_ll_usb.o

.debug_macro    0x0000000000000000    0x2295e
 .debug_macro   0x0000000000000000      0x357 ./Core/Src/AD5676.o
 .debug_macro   0x0000000000000357      0xa78 ./Core/Src/AD5676.o
 .debug_macro   0x0000000000000dcf      0x2a1 ./Core/Src/AD5676.o
 .debug_macro   0x0000000000001070       0x2e ./Core/Src/AD5676.o
 .debug_macro   0x000000000000109e       0x2f ./Core/Src/AD5676.o
 .debug_macro   0x00000000000010cd       0x22 ./Core/Src/AD5676.o
 .debug_macro   0x00000000000010ef       0x8e ./Core/Src/AD5676.o
 .debug_macro   0x000000000000117d       0x51 ./Core/Src/AD5676.o
 .debug_macro   0x00000000000011ce      0x103 ./Core/Src/AD5676.o
 .debug_macro   0x00000000000012d1       0x6a ./Core/Src/AD5676.o
 .debug_macro   0x000000000000133b      0x1df ./Core/Src/AD5676.o
 .debug_macro   0x000000000000151a       0x1c ./Core/Src/AD5676.o
 .debug_macro   0x0000000000001536       0x22 ./Core/Src/AD5676.o
 .debug_macro   0x0000000000001558       0xd9 ./Core/Src/AD5676.o
 .debug_macro   0x0000000000001631     0x102d ./Core/Src/AD5676.o
 .debug_macro   0x000000000000265e      0x11f ./Core/Src/AD5676.o
 .debug_macro   0x000000000000277d    0x15e82 ./Core/Src/AD5676.o
 .debug_macro   0x00000000000185ff       0x6d ./Core/Src/AD5676.o
 .debug_macro   0x000000000001866c     0x367e ./Core/Src/AD5676.o
 .debug_macro   0x000000000001bcea      0x174 ./Core/Src/AD5676.o
 .debug_macro   0x000000000001be5e       0x5c ./Core/Src/AD5676.o
 .debug_macro   0x000000000001beba      0x96b ./Core/Src/AD5676.o
 .debug_macro   0x000000000001c825      0x9fe ./Core/Src/AD5676.o
 .debug_macro   0x000000000001d223      0x115 ./Core/Src/AD5676.o
 .debug_macro   0x000000000001d338      0x13e ./Core/Src/AD5676.o
 .debug_macro   0x000000000001d476       0xa5 ./Core/Src/AD5676.o
 .debug_macro   0x000000000001d51b      0x174 ./Core/Src/AD5676.o
 .debug_macro   0x000000000001d68f      0x287 ./Core/Src/AD5676.o
 .debug_macro   0x000000000001d916       0x5f ./Core/Src/AD5676.o
 .debug_macro   0x000000000001d975      0x236 ./Core/Src/AD5676.o
 .debug_macro   0x000000000001dbab      0x12c ./Core/Src/AD5676.o
 .debug_macro   0x000000000001dcd7      0x21e ./Core/Src/AD5676.o
 .debug_macro   0x000000000001def5       0x2e ./Core/Src/AD5676.o
 .debug_macro   0x000000000001df23      0x11a ./Core/Src/AD5676.o
 .debug_macro   0x000000000001e03d       0x7e ./Core/Src/AD5676.o
 .debug_macro   0x000000000001e0bb       0x89 ./Core/Src/AD5676.o
 .debug_macro   0x000000000001e144      0x225 ./Core/Src/AD5676.o
 .debug_macro   0x000000000001e369      0x295 ./Core/Src/AD5676.o
 .debug_macro   0x000000000001e5fe      0x248 ./Core/Src/AD5676.o
 .debug_macro   0x000000000001e846       0xba ./Core/Src/AD5676.o
 .debug_macro   0x000000000001e900      0x12d ./Core/Src/AD5676.o
 .debug_macro   0x000000000001ea2d       0x8e ./Core/Src/AD5676.o
 .debug_macro   0x000000000001eabb       0x22 ./Core/Src/AD5676.o
 .debug_macro   0x000000000001eadd      0x10f ./Core/Src/AD5676.o
 .debug_macro   0x000000000001ebec       0x28 ./Core/Src/AD5676.o
 .debug_macro   0x000000000001ec14       0x16 ./Core/Src/AD5676.o
 .debug_macro   0x000000000001ec2a       0x34 ./Core/Src/AD5676.o
 .debug_macro   0x000000000001ec5e       0x16 ./Core/Src/AD5676.o
 .debug_macro   0x000000000001ec74      0x33d ./Core/Src/AD5676.o
 .debug_macro   0x000000000001efb1       0x52 ./Core/Src/AD5676.o
 .debug_macro   0x000000000001f003       0x1e ./Core/Src/AD5676.o
 .debug_macro   0x000000000001f021       0x52 ./Core/Src/AD5676.o
 .debug_macro   0x000000000001f073       0x3c ./Core/Src/AD5676.o
 .debug_macro   0x000000000001f0af       0x34 ./Core/Src/AD5676.o
 .debug_macro   0x000000000001f0e3       0x16 ./Core/Src/AD5676.o
 .debug_macro   0x000000000001f0f9       0x35 ./Core/Src/AD5676.o
 .debug_macro   0x000000000001f12e       0x16 ./Core/Src/AD5676.o
 .debug_macro   0x000000000001f144       0x43 ./Core/Src/AD5676.o
 .debug_macro   0x000000000001f187       0x34 ./Core/Src/AD5676.o
 .debug_macro   0x000000000001f1bb       0x10 ./Core/Src/AD5676.o
 .debug_macro   0x000000000001f1cb       0x58 ./Core/Src/AD5676.o
 .debug_macro   0x000000000001f223       0x71 ./Core/Src/AD5676.o
 .debug_macro   0x000000000001f294       0x1c ./Core/Src/AD5676.o
 .debug_macro   0x000000000001f2b0      0x12a ./Core/Src/AD5676.o
 .debug_macro   0x000000000001f3da      0x341 ./Core/Src/AD5676.o
 .debug_macro   0x000000000001f71b       0x16 ./Core/Src/AD5676.o
 .debug_macro   0x000000000001f731       0x29 ./Core/Src/AD5676.o
 .debug_macro   0x000000000001f75a      0x2a1 ./Core/Src/Def_Control.o
 .debug_macro   0x000000000001f9fb       0x2e ./Core/Src/Def_Control.o
 .debug_macro   0x000000000001fa29       0x58 ./Core/Src/Def_Control.o
 .debug_macro   0x000000000001fa81      0x2b1 ./Core/Src/Def_ProtocolSlave.o
 .debug_macro   0x000000000001fd32       0x88 ./Core/Src/Def_ProtocolSlave.o
 .debug_macro   0x000000000001fdba       0x1c ./Core/Src/Def_ProtocolSlave.o
 .debug_macro   0x000000000001fdd6      0x297 ./Core/Src/Def_RS485.o
 .debug_macro   0x000000000002006d      0x2af ./Core/Src/Def_Standby.o
 .debug_macro   0x000000000002031c      0x20a ./Core/Src/Def_System.o
 .debug_macro   0x0000000000020526      0x281 ./Core/Src/Delays.o
 .debug_macro   0x00000000000207a7      0x219 ./Core/Src/LED.o
 .debug_macro   0x00000000000209c0      0x1f2 ./Core/Src/Ticks.o
 .debug_macro   0x0000000000020bb2      0x281 ./Core/Src/UART.o
 .debug_macro   0x0000000000020e33      0x277 ./Core/Src/main.o
 .debug_macro   0x00000000000210aa      0x277 ./Core/Src/stm32f4xx_hal_msp.o
 .debug_macro   0x0000000000021321      0x281 ./Core/Src/stm32f4xx_it.o
 .debug_macro   0x00000000000215a2      0x1e8 ./Core/Src/system_stm32f4xx.o
 .debug_macro   0x000000000002178a      0x248 ./Drivers/STM32F4xx_HAL_Driver/Src/stm32f4xx_hal.o
 .debug_macro   0x00000000000219d2      0x1e8 ./Drivers/STM32F4xx_HAL_Driver/Src/stm32f4xx_hal_cortex.o
 .debug_macro   0x0000000000021bba      0x1ee ./Drivers/STM32F4xx_HAL_Driver/Src/stm32f4xx_hal_dma.o
 .debug_macro   0x0000000000021da8      0x1ee ./Drivers/STM32F4xx_HAL_Driver/Src/stm32f4xx_hal_gpio.o
 .debug_macro   0x0000000000021f96      0x1f4 ./Drivers/STM32F4xx_HAL_Driver/Src/stm32f4xx_hal_pcd.o
 .debug_macro   0x000000000002218a      0x20c ./Drivers/STM32F4xx_HAL_Driver/Src/stm32f4xx_hal_rcc.o
 .debug_macro   0x0000000000022396      0x1f7 ./Drivers/STM32F4xx_HAL_Driver/Src/stm32f4xx_hal_spi.o
 .debug_macro   0x000000000002258d      0x1e9 ./Drivers/STM32F4xx_HAL_Driver/Src/stm32f4xx_hal_uart.o
 .debug_macro   0x0000000000022776      0x1e8 ./Drivers/STM32F4xx_HAL_Driver/Src/stm32f4xx_ll_usb.o

.debug_line     0x0000000000000000    0x144c1
 .debug_line    0x0000000000000000      0xaf5 ./Core/Src/AD5676.o
 .debug_line    0x0000000000000af5      0xdc2 ./Core/Src/Def_Control.o
 .debug_line    0x00000000000018b7      0xdd4 ./Core/Src/Def_ProtocolSlave.o
 .debug_line    0x000000000000268b      0x8bc ./Core/Src/Def_RS485.o
 .debug_line    0x0000000000002f47      0xd61 ./Core/Src/Def_Standby.o
 .debug_line    0x0000000000003ca8      0x8ed ./Core/Src/Def_System.o
 .debug_line    0x0000000000004595      0x7d3 ./Core/Src/Delays.o
 .debug_line    0x0000000000004d68      0x8d0 ./Core/Src/LED.o
 .debug_line    0x0000000000005638      0x721 ./Core/Src/Ticks.o
 .debug_line    0x0000000000005d59      0xb48 ./Core/Src/UART.o
 .debug_line    0x00000000000068a1      0xced ./Core/Src/main.o
 .debug_line    0x000000000000758e      0x91c ./Core/Src/stm32f4xx_hal_msp.o
 .debug_line    0x0000000000007eaa      0x8b3 ./Core/Src/stm32f4xx_it.o
 .debug_line    0x000000000000875d      0x792 ./Core/Src/system_stm32f4xx.o
 .debug_line    0x0000000000008eef       0x88 ./Core/Startup/startup_stm32f407vgtx.o
 .debug_line    0x0000000000008f77      0x9f8 ./Drivers/STM32F4xx_HAL_Driver/Src/stm32f4xx_hal.o
 .debug_line    0x000000000000996f      0xca7 ./Drivers/STM32F4xx_HAL_Driver/Src/stm32f4xx_hal_cortex.o
 .debug_line    0x000000000000a616      0xf5c ./Drivers/STM32F4xx_HAL_Driver/Src/stm32f4xx_hal_dma.o
 .debug_line    0x000000000000b572      0xb6c ./Drivers/STM32F4xx_HAL_Driver/Src/stm32f4xx_hal_gpio.o
 .debug_line    0x000000000000c0de     0x149b ./Drivers/STM32F4xx_HAL_Driver/Src/stm32f4xx_hal_pcd.o
 .debug_line    0x000000000000d579      0xd74 ./Drivers/STM32F4xx_HAL_Driver/Src/stm32f4xx_hal_rcc.o
 .debug_line    0x000000000000e2ed     0x1c82 ./Drivers/STM32F4xx_HAL_Driver/Src/stm32f4xx_hal_spi.o
 .debug_line    0x000000000000ff6f     0x2a9d ./Drivers/STM32F4xx_HAL_Driver/Src/stm32f4xx_hal_uart.o
 .debug_line    0x0000000000012a0c     0x1ab5 ./Drivers/STM32F4xx_HAL_Driver/Src/stm32f4xx_ll_usb.o

.debug_str      0x0000000000000000    0xc903f
 .debug_str     0x0000000000000000    0xc3ba8 ./Core/Src/AD5676.o
                                      0xc3eb7 (size before relaxing)
 .debug_str     0x00000000000c3ba8      0x97e ./Core/Src/Def_Control.o
                                      0xc124c (size before relaxing)
 .debug_str     0x00000000000c4526      0x5f3 ./Core/Src/Def_ProtocolSlave.o
                                      0xc13f0 (size before relaxing)
 .debug_str     0x00000000000c4b19       0xef ./Core/Src/Def_RS485.o
                                      0xc0ac0 (size before relaxing)
 .debug_str     0x00000000000c4c08      0x2e6 ./Core/Src/Def_Standby.o
                                      0xc1184 (size before relaxing)
 .debug_str     0x00000000000c4eee      0x80c ./Core/Src/Def_System.o
                                      0xbfe1f (size before relaxing)
 .debug_str     0x00000000000c56fa       0x2c ./Core/Src/Delays.o
                                      0xc07cb (size before relaxing)
 .debug_str     0x00000000000c5726       0x59 ./Core/Src/LED.o
                                      0xbf95e (size before relaxing)
 .debug_str     0x00000000000c577f       0x28 ./Core/Src/Ticks.o
                                      0xbee3a (size before relaxing)
 .debug_str     0x00000000000c57a7      0x374 ./Core/Src/UART.o
                                      0xc0fc5 (size before relaxing)
 .debug_str     0x00000000000c5b1b      0x736 ./Core/Src/main.o
                                      0xc1dfc (size before relaxing)
 .debug_str     0x00000000000c6251      0x5c5 ./Core/Src/stm32f4xx_hal_msp.o
                                      0xc1815 (size before relaxing)
 .debug_str     0x00000000000c6816      0x100 ./Core/Src/stm32f4xx_it.o
                                      0xc0cdc (size before relaxing)
 .debug_str     0x00000000000c6916       0xcb ./Core/Src/system_stm32f4xx.o
                                      0xbefcc (size before relaxing)
 .debug_str     0x00000000000c69e1       0x36 ./Core/Startup/startup_stm32f407vgtx.o
                                         0x52 (size before relaxing)
 .debug_str     0x00000000000c6a17      0x5f7 ./Drivers/STM32F4xx_HAL_Driver/Src/stm32f4xx_hal.o
                                      0xbfb50 (size before relaxing)
 .debug_str     0x00000000000c700e      0x326 ./Drivers/STM32F4xx_HAL_Driver/Src/stm32f4xx_hal_cortex.o
                                      0xbf883 (size before relaxing)
 .debug_str     0x00000000000c7334      0x31a ./Drivers/STM32F4xx_HAL_Driver/Src/stm32f4xx_hal_dma.o
                                      0xbf3e6 (size before relaxing)
 .debug_str     0x00000000000c764e      0x10b ./Drivers/STM32F4xx_HAL_Driver/Src/stm32f4xx_hal_gpio.o
                                      0xbf147 (size before relaxing)
 .debug_str     0x00000000000c7759      0x811 ./Drivers/STM32F4xx_HAL_Driver/Src/stm32f4xx_hal_pcd.o
                                      0xbfa8e (size before relaxing)
 .debug_str     0x00000000000c7f6a      0x21f ./Drivers/STM32F4xx_HAL_Driver/Src/stm32f4xx_hal_rcc.o
                                      0xbf400 (size before relaxing)
 .debug_str     0x00000000000c8189      0x546 ./Drivers/STM32F4xx_HAL_Driver/Src/stm32f4xx_hal_spi.o
                                      0xbf890 (size before relaxing)
 .debug_str     0x00000000000c86cf      0x52c ./Drivers/STM32F4xx_HAL_Driver/Src/stm32f4xx_hal_uart.o
                                      0xbf99f (size before relaxing)
 .debug_str     0x00000000000c8bfb      0x444 ./Drivers/STM32F4xx_HAL_Driver/Src/stm32f4xx_ll_usb.o
                                      0xbf8f6 (size before relaxing)

.comment        0x0000000000000000       0x50
 .comment       0x0000000000000000       0x50 ./Core/Src/AD5676.o
                                         0x51 (size before relaxing)
 .comment       0x0000000000000050       0x51 ./Core/Src/Def_Control.o
 .comment       0x0000000000000050       0x51 ./Core/Src/Def_ProtocolSlave.o
 .comment       0x0000000000000050       0x51 ./Core/Src/Def_RS485.o
 .comment       0x0000000000000050       0x51 ./Core/Src/Def_Standby.o
 .comment       0x0000000000000050       0x51 ./Core/Src/Def_System.o
 .comment       0x0000000000000050       0x51 ./Core/Src/Delays.o
 .comment       0x0000000000000050       0x51 ./Core/Src/LED.o
 .comment       0x0000000000000050       0x51 ./Core/Src/Ticks.o
 .comment       0x0000000000000050       0x51 ./Core/Src/UART.o
 .comment       0x0000000000000050       0x51 ./Core/Src/main.o
 .comment       0x0000000000000050       0x51 ./Core/Src/stm32f4xx_hal_msp.o
 .comment       0x0000000000000050       0x51 ./Core/Src/stm32f4xx_it.o
 .comment       0x0000000000000050       0x51 ./Core/Src/system_stm32f4xx.o
 .comment       0x0000000000000050       0x51 ./Drivers/STM32F4xx_HAL_Driver/Src/stm32f4xx_hal.o
 .comment       0x0000000000000050       0x51 ./Drivers/STM32F4xx_HAL_Driver/Src/stm32f4xx_hal_cortex.o
 .comment       0x0000000000000050       0x51 ./Drivers/STM32F4xx_HAL_Driver/Src/stm32f4xx_hal_dma.o
 .comment       0x0000000000000050       0x51 ./Drivers/STM32F4xx_HAL_Driver/Src/stm32f4xx_hal_gpio.o
 .comment       0x0000000000000050       0x51 ./Drivers/STM32F4xx_HAL_Driver/Src/stm32f4xx_hal_pcd.o
 .comment       0x0000000000000050       0x51 ./Drivers/STM32F4xx_HAL_Driver/Src/stm32f4xx_hal_rcc.o
 .comment       0x0000000000000050       0x51 ./Drivers/STM32F4xx_HAL_Driver/Src/stm32f4xx_hal_spi.o
 .comment       0x0000000000000050       0x51 ./Drivers/STM32F4xx_HAL_Driver/Src/stm32f4xx_hal_uart.o
 .comment       0x0000000000000050       0x51 ./Drivers/STM32F4xx_HAL_Driver/Src/stm32f4xx_ll_usb.o

.debug_frame    0x0000000000000000     0x3bd0
 .debug_frame   0x0000000000000000      0x1cc ./Core/Src/AD5676.o
 .debug_frame   0x00000000000001cc      0x100 ./Core/Src/Def_Control.o
 .debug_frame   0x00000000000002cc       0xa8 ./Core/Src/Def_ProtocolSlave.o
 .debug_frame   0x0000000000000374       0xc4 ./Core/Src/Def_RS485.o
 .debug_frame   0x0000000000000438      0x138 ./Core/Src/Def_Standby.o
 .debug_frame   0x0000000000000570       0xf4 ./Core/Src/Def_System.o
 .debug_frame   0x0000000000000664       0x38 ./Core/Src/Delays.o
 .debug_frame   0x000000000000069c       0xac ./Core/Src/LED.o
 .debug_frame   0x0000000000000748       0x58 ./Core/Src/Ticks.o
 .debug_frame   0x00000000000007a0      0x1b4 ./Core/Src/UART.o
 .debug_frame   0x0000000000000954      0x1c4 ./Core/Src/main.o
 .debug_frame   0x0000000000000b18      0x110 ./Core/Src/stm32f4xx_hal_msp.o
 .debug_frame   0x0000000000000c28      0x13c ./Core/Src/stm32f4xx_it.o
 .debug_frame   0x0000000000000d64       0x58 ./Core/Src/system_stm32f4xx.o
 .debug_frame   0x0000000000000dbc      0x374 ./Drivers/STM32F4xx_HAL_Driver/Src/stm32f4xx_hal.o
 .debug_frame   0x0000000000001130      0x498 ./Drivers/STM32F4xx_HAL_Driver/Src/stm32f4xx_hal_cortex.o
 .debug_frame   0x00000000000015c8      0x250 ./Drivers/STM32F4xx_HAL_Driver/Src/stm32f4xx_hal_dma.o
 .debug_frame   0x0000000000001818      0x14c ./Drivers/STM32F4xx_HAL_Driver/Src/stm32f4xx_hal_gpio.o
 .debug_frame   0x0000000000001964      0x5bc ./Drivers/STM32F4xx_HAL_Driver/Src/stm32f4xx_hal_pcd.o
 .debug_frame   0x0000000000001f20      0x1f4 ./Drivers/STM32F4xx_HAL_Driver/Src/stm32f4xx_hal_rcc.o
 .debug_frame   0x0000000000002114      0x824 ./Drivers/STM32F4xx_HAL_Driver/Src/stm32f4xx_hal_spi.o
 .debug_frame   0x0000000000002938      0x92c ./Drivers/STM32F4xx_HAL_Driver/Src/stm32f4xx_hal_uart.o
 .debug_frame   0x0000000000003264      0x7c0 ./Drivers/STM32F4xx_HAL_Driver/Src/stm32f4xx_ll_usb.o
 .debug_frame   0x0000000000003a24       0x2c c:/program files/stm32cubeide_1.9.0/stm32cubeide/plugins/com.st.stm32cube.ide.mcu.externaltools.gnu-tools-for-stm32.10.3-2021.10.win32_1.0.0.202111181127/tools/bin/../lib/gcc/arm-none-eabi/10.3.1/../../../../arm-none-eabi/lib/thumb/v7e-m+fp/hard\libc_nano.a(lib_a-init.o)
 .debug_frame   0x0000000000003a50       0x20 c:/program files/stm32cubeide_1.9.0/stm32cubeide/plugins/com.st.stm32cube.ide.mcu.externaltools.gnu-tools-for-stm32.10.3-2021.10.win32_1.0.0.202111181127/tools/bin/../lib/gcc/arm-none-eabi/10.3.1/../../../../arm-none-eabi/lib/thumb/v7e-m+fp/hard\libc_nano.a(lib_a-memset.o)
 .debug_frame   0x0000000000003a70       0x30 c:/program files/stm32cubeide_1.9.0/stm32cubeide/plugins/com.st.stm32cube.ide.mcu.externaltools.gnu-tools-for-stm32.10.3-2021.10.win32_1.0.0.202111181127/tools/bin/../lib/gcc/arm-none-eabi/10.3.1/thumb/v7e-m+fp/hard\libgcc.a(_arm_muldf3.o)
 .debug_frame   0x0000000000003aa0       0xac c:/program files/stm32cubeide_1.9.0/stm32cubeide/plugins/com.st.stm32cube.ide.mcu.externaltools.gnu-tools-for-stm32.10.3-2021.10.win32_1.0.0.202111181127/tools/bin/../lib/gcc/arm-none-eabi/10.3.1/thumb/v7e-m+fp/hard\libgcc.a(_arm_addsubdf3.o)
 .debug_frame   0x0000000000003b4c       0x24 c:/program files/stm32cubeide_1.9.0/stm32cubeide/plugins/com.st.stm32cube.ide.mcu.externaltools.gnu-tools-for-stm32.10.3-2021.10.win32_1.0.0.202111181127/tools/bin/../lib/gcc/arm-none-eabi/10.3.1/thumb/v7e-m+fp/hard\libgcc.a(_arm_truncdfsf2.o)
 .debug_frame   0x0000000000003b70       0x2c c:/program files/stm32cubeide_1.9.0/stm32cubeide/plugins/com.st.stm32cube.ide.mcu.externaltools.gnu-tools-for-stm32.10.3-2021.10.win32_1.0.0.202111181127/tools/bin/../lib/gcc/arm-none-eabi/10.3.1/thumb/v7e-m+fp/hard\libgcc.a(_aeabi_uldivmod.o)
 .debug_frame   0x0000000000003b9c       0x34 c:/program files/stm32cubeide_1.9.0/stm32cubeide/plugins/com.st.stm32cube.ide.mcu.externaltools.gnu-tools-for-stm32.10.3-2021.10.win32_1.0.0.202111181127/tools/bin/../lib/gcc/arm-none-eabi/10.3.1/thumb/v7e-m+fp/hard\libgcc.a(_udivmoddi4.o)
