../Core/Src/main.c:89:5:main	16	static
../Core/Src/main.c:225:6:SystemClock_Config	88	static
../Core/Src/main.c:271:13:MX_SPI1_Init	8	static
../Core/Src/main.c:309:13:MX_SPI2_Init	8	static
../Core/Src/main.c:347:6:MX_UART4_Init	8	static
../Core/Src/main.c:380:6:MX_USART1_UART_Init	8	static
../Core/Src/main.c:413:13:MX_USB_OTG_FS_PCD_Init	8	static
../Core/Src/main.c:448:13:MX_GPIO_Init	56	static
../Core/Src/main.c:639:6:vars_Init	16	static
../Core/Src/main.c:681:6:appLED_Init	4	static
../Core/Src/main.c:685:6:appLED_Motor	16	static
../Core/Src/main.c:726:6:appProtocoloSim	8	static
../Core/Src/main.c:832:6:APP_Accions	8	static
../Core/Src/main.c:956:6:Error_Handler	4	static,ignoring_inline_asm
